[1791549943.381099] [a5000-2:18118:0]   +--------------------------+-------------------------------------------------------------+
[1791549943.381104] [a5000-2:18118:0]   | ucp_context_0 self cfg#0 | remote memory write by ucp_put* from host memory to host    |
[1791549943.381105] [a5000-2:18118:0]   +--------------------------+--------------------------------------------+----------------+
[1791549943.381105] [a5000-2:18118:0]   |            0..4294967295 | short                                      | cuda_copy/cuda |
[1791549943.381106] [a5000-2:18118:0]   +--------------------------+--------------------------------------------+----------------+
[1791549943.381132] [a5000-2:18118:0]   +--------------------------+------------------------------------------------------------------------------+
[1791549943.381133] [a5000-2:18118:0]   | ucp_context_0 self cfg#0 | remote memory write by ucp_put*(fast-completion) from host memory to host    |
[1791549943.381133] [a5000-2:18118:0]   +--------------------------+-------------------------------------------------------------+----------------+
[1791549943.381134] [a5000-2:18118:0]   |            0..4294967295 | short                                                       | cuda_copy/cuda |
[1791549943.381134] [a5000-2:18118:0]   +--------------------------+-------------------------------------------------------------+----------------+
[1791549943.381158] [a5000-2:18118:0]   +--------------------------+--------------------------------------------------------------------+
[1791549943.381158] [a5000-2:18118:0]   | ucp_context_0 self cfg#0 | remote memory write by ucp_put*(multi) from host memory to host    |
[1791549943.381159] [a5000-2:18118:0]   +--------------------------+---------------------------------------------------+----------------+
[1791549943.381159] [a5000-2:18118:0]   |            0..4294967295 | short                                             | cuda_copy/cuda |
[1791549943.381160] [a5000-2:18118:0]   +--------------------------+---------------------------------------------------+----------------+
[1791549943.381201] [a5000-2:18118:0]   +--------------------------+----------------------------------------------------+
[1791549943.381201] [a5000-2:18118:0]   | ucp_context_0 self cfg#0 | active message by ucp_am_send* from host memory    |
[1791549943.381202] [a5000-2:18118:0]   +--------------------------+-------------------------------------------------+--+
[1791549943.381202] [a5000-2:18118:0]   +--------------------------+-------------------------------------------------+--+
[1791549943.381215] [a5000-2:18118:0]   +--------------------------+--------------------------------------------------------------------+
[1791549943.381215] [a5000-2:18118:0]   | ucp_context_0 self cfg#0 | active message by ucp_am_send* with reply flag from host memory    |
[1791549943.381216] [a5000-2:18118:0]   +--------------------------+-----------------------------------------------------------------+--+
[1791549943.381216] [a5000-2:18118:0]   +--------------------------+-----------------------------------------------------------------+--+
[1791549943.385795] [a5000-2:18118:0]   +--------------------------+-------------------------------------------------------------+
[1791549943.385797] [a5000-2:18118:0]   | ucp_context_0 self cfg#1 | remote memory write by ucp_put* from host memory to host    |
[1791549943.385797] [a5000-2:18118:0]   +--------------------------+-------------+-----------------------------------------------+
[1791549943.385798] [a5000-2:18118:0]   |                    0..2K | short       | rc_mlx5/mlx5_1:1                              |
[1791549943.385799] [a5000-2:18118:0]   |               2049..2559 | copy-in     | rc_mlx5/mlx5_1:1                              |
[1791549943.385799] [a5000-2:18118:0]   |                2560..inf | zero-copy   | 38% on rc_mlx5/mlx5_1:1 and 62% on cma/memory |
[1791549943.385800] [a5000-2:18118:0]   +--------------------------+-------------+-----------------------------------------------+
[1791549943.385892] [a5000-2:18118:0]   +--------------------------+------------------------------------------------------------------------------+
[1791549943.385899] [a5000-2:18118:0]   | ucp_context_0 self cfg#1 | remote memory write by ucp_put*(fast-completion) from host memory to host    |
[1791549943.385899] [a5000-2:18118:0]   +--------------------------+------------------------------+-----------------------------------------------+
[1791549943.385900] [a5000-2:18118:0]   |                    0..2K | short                        | rc_mlx5/mlx5_1:1                              |
[1791549943.385900] [a5000-2:18118:0]   |              2049..17229 | copy-in                      | rc_mlx5/mlx5_1:1                              |
[1791549943.385901] [a5000-2:18118:0]   |               17230..inf | zero-copy                    | 38% on rc_mlx5/mlx5_1:1 and 62% on cma/memory |
[1791549943.385901] [a5000-2:18118:0]   +--------------------------+------------------------------+-----------------------------------------------+
[1791549943.385983] [a5000-2:18118:0]   +--------------------------+--------------------------------------------------------------------+
[1791549943.385984] [a5000-2:18118:0]   | ucp_context_0 self cfg#1 | remote memory write by ucp_put*(multi) from host memory to host    |
[1791549943.385984] [a5000-2:18118:0]   +--------------------------+--------------------+-----------------------------------------------+
[1791549943.385985] [a5000-2:18118:0]   |                    0..2K | short              | rc_mlx5/mlx5_1:1                              |
[1791549943.385985] [a5000-2:18118:0]   |               2049..4221 | copy-in            | rc_mlx5/mlx5_1:1                              |
[1791549943.385986] [a5000-2:18118:0]   |                4222..inf | zero-copy          | 38% on rc_mlx5/mlx5_1:1 and 62% on cma/memory |
[1791549943.385986] [a5000-2:18118:0]   +--------------------------+--------------------+-----------------------------------------------+
[1791549943.386244] [a5000-2:18118:0]   +--------------------------+----------------------------------------------------+
[1791549943.386245] [a5000-2:18118:0]   | ucp_context_0 self cfg#1 | active message by ucp_am_send* from host memory    |
[1791549943.386245] [a5000-2:18118:0]   +--------------------------+---------------------------------+------------------+
[1791549943.386246] [a5000-2:18118:0]   |                  0..2038 | short                           | rc_mlx5/mlx5_1:1 |
[1791549943.386246] [a5000-2:18118:0]   |               2039..8184 | zero-copy                       | rc_mlx5/mlx5_1:1 |
[1791549943.386246] [a5000-2:18118:0]   |                8185..inf | multi-frag zero-copy            | rc_mlx5/mlx5_1:1 |
[1791549943.386247] [a5000-2:18118:0]   +--------------------------+---------------------------------+------------------+
[1791549943.386371] [a5000-2:18118:0]   +--------------------------+---------------------------------------------------------------------+
[1791549943.386372] [a5000-2:18118:0]   | ucp_context_0 self cfg#1 | active message by ucp_am_send*(fast-completion) from host memory    |
[1791549943.386373] [a5000-2:18118:0]   +--------------------------+--------------------------------------------------+------------------+
[1791549943.386373] [a5000-2:18118:0]   |                  0..2038 | short                                            | rc_mlx5/mlx5_1:1 |
[1791549943.386373] [a5000-2:18118:0]   |               2039..8184 | copy-in                                          | rc_mlx5/mlx5_1:1 |
[1791549943.386374] [a5000-2:18118:0]   |             8185..185482 | multi-frag copy-in                               | rc_mlx5/mlx5_1:1 |
[1791549943.386374] [a5000-2:18118:0]   |              185483..inf | multi-frag zero-copy                             | rc_mlx5/mlx5_1:1 |
[1791549943.386375] [a5000-2:18118:0]   +--------------------------+--------------------------------------------------+------------------+
[1791549943.386681] [a5000-2:18118:0]   +--------------------------+-----------------------------------------------------------+
[1791549943.386682] [a5000-2:18118:0]   | ucp_context2026-10-09 21:45:43 NIXL INFO    _api.py:363 Backend UCX was instantiated
2026-10-09 21:45:43 NIXL INFO    _api.py:253 Initialized NIXL agent: initiator
_0 self cfg#1 | active message by ucp_am_send*(multi) from host memory    |
[1791549943.386685] [a5000-2:18118:0]   +--------------------------+----------------------------------------+------------------+
[1791549943.386686] [a5000-2:18118:0]   |                   0..514 | short                                  | rc_mlx5/mlx5_1:1 |
[1791549943.386686] [a5000-2:18118:0]   |                515..8184 | zero-copy                              | rc_mlx5/mlx5_1:1 |
[1791549943.386686] [a5000-2:18118:0]   |                8185..inf | multi-frag zero-copy                   | rc_mlx5/mlx5_1:1 |
[1791549943.386687] [a5000-2:18118:0]   +--------------------------+----------------------------------------+------------------+
[1791549943.386801] [a5000-2:18118:0]   +--------------------------+--------------------------------------------------------------------+
[1791549943.386802] [a5000-2:18118:0]   | ucp_context_0 self cfg#1 | active message by ucp_am_send* with reply flag from host memory    |
[1791549943.386802] [a5000-2:18118:0]   +--------------------------+-------------------------------------------------+------------------+
[1791549943.386802] [a5000-2:18118:0]   |                  0..2030 | short                                           | rc_mlx5/mlx5_1:1 |
[1791549943.386803] [a5000-2:18118:0]   |               2031..8176 | zero-copy                                       | rc_mlx5/mlx5_1:1 |
[1791549943.386803] [a5000-2:18118:0]   |                8177..inf | multi-frag zero-copy                            | rc_mlx5/mlx5_1:1 |
[1791549943.386804] [a5000-2:18118:0]   +--------------------------+-------------------------------------------------+------------------+
[1791549943.386928] [a5000-2:18118:0]   +--------------------------+-------------------------------------------------------------------------------------+
[1791549943.386929] [a5000-2:18118:0]   | ucp_context_0 self cfg#1 | active message by ucp_am_send* with reply flag(fast-completion) from host memory    |
[1791549943.386929] [a5000-2:18118:0]   +--------------------------+------------------------------------------------------------------+------------------+
[1791549943.386930] [a5000-2:18118:0]   |                  0..2030 | short                                                            | rc_mlx5/mlx5_1:1 |
[1791549943.386930] [a5000-2:18118:0]   |               2031..8176 | copy-in                                                          | rc_mlx5/mlx5_1:1 |
[1791549943.386930] [a5000-2:18118:0]   |             8177..185482 | multi-frag copy-in                                               | rc_mlx5/mlx5_1:1 |
[1791549943.386931] [a5000-2:18118:0]   |              185483..inf | multi-frag zero-copy                                             | rc_mlx5/mlx5_1:1 |
[1791549943.386931] [a5000-2:18118:0]   +--------------------------+------------------------------------------------------------------+------------------+
[1791549943.387078] [a5000-2:18118:0]   +--------------------------+---------------------------------------------------------------------------+
[1791549943.387079] [a5000-2:18118:0]   | ucp_context_0 self cfg#1 | active message by ucp_am_send* with reply flag(multi) from host memory    |
[1791549943.387079] [a5000-2:18118:0]   +--------------------------+--------------------------------------------------------+------------------+
[1791549943.387080] [a5000-2:18118:0]   |                   0..514 | short                                                  | rc_mlx5/mlx5_1:1 |
[1791549943.387080] [a5000-2:18118:0]   |                515..8176 | zero-copy                                              | rc_mlx5/mlx5_1:1 |
[1791549943.387081] [a5000-2:18118:0]   |                8177..inf | multi-frag zero-copy                                   | rc_mlx5/mlx5_1:1 |
[1791549943.387081] [a5000-2:18118:0]   +--------------------------+--------------------------------------------------------+------------------+
[1791549943.392057] [a5000-2:18118:0]   +--------------------------------+-------------------------------------------------------------+
[1791549943.392059] [a5000-2:18118:0]   | ucp_context_0 inter-node cfg#2 | remote memory write by ucp_put* from host memory to host    |
[1791549943.392062] [a5000-2:18118:0]   +--------------------------------+------------------------------------------+------------------+
[1791549943.392063] [a5000-2:18118:0]   |                          0..2K | short                                    | rc_mlx5/mlx5_1:1 |
[1791549943.392063] [a5000-2:18118:0]   |                      2049..inf | zero-copy                                | rc_mlx5/mlx5_1:1 |
[1791549943.392064] [a5000-2:18118:0]   +--------------------------------+------------------------------------------+------------------+
[1791549943.392137] [a5000-2:18118:0]   +--------------------------------+------------------------------------------------------------------------------+
[1791549943.392138] [a5000-2:18118:0]   | ucp_context_0 inter-node cfg#2 | remote memory write by ucp_put*(fast-completion) from host memory to host    |
[1791549943.392139] [a5000-2:18118:0]   +--------------------------------+-----------------------------------------------------------+------------------+
[1791549943.392139] [a5000-2:18118:0]   |                          0..2K | short                                                     | rc_mlx5/mlx5_1:1 |
[1791549943.392139] [a5000-2:18118:0]   |                   2049..188656 | copy-in                                                   | rc_mlx5/mlx5_1:1 |
[1791549943.392140] [a5000-2:18118:0]   |                    188657..inf | zero-copy                                                 | rc_mlx5/mlx5_1:1 |
[1791549943.392140] [a5000-2:18118:0]   +--------------------------------+-----------------------------------------------------------+------------------+
[1791549943.392212] [a5000-2:18118:0]   +--------------------------------+--------------------------------------------------------------------+
[1791549943.392213] [a5000-2:18118:0]   | ucp_context_0 inter-node cfg#2 | remote memory write by ucp_put*(multi) from host memory to host    |
[1791549943.392213] [a5000-2:18118:0]   +--------------------------------+-------------------------------------------------+------------------+
[1791549943.392214] [a5000-2:18118:0]   |                         0..587 | short                                           | rc_mlx5/mlx5_1:1 |
[1791549943.392214] [a5000-2:18118:0]   |                       588..inf | zero-copy                                       | rc_mlx5/mlx5_1:1 |
[1791549943.392215] [a5000-2:18118:0]   +--------------------------------+-------------------------------------------------+------------------+
[1791549943.392469] [a5000-2:18118:0]   +--------------------------------+----------------------------------------------------+
[1791549943.392470] [a5000-2:18118:0]   | ucp_context_0 inter-node cfg#2 | active message by ucp_am_send* from host memory    |
[1791549943.392471] [a5000-2:18118:0]   +--------------------------------+---------------------------------+------------------+
[1791549943.392471] [a5000-2:18118:0]   |                        0..2038 | short                           | rc_mlx5/mlx5_1:1 |
[1791549943.392472] [a5000-2:18118:0]   |                     2039..8184 | zero-copy                       | rc_mlx5/mlx5_1:1 |
[1791549943.392472] [a5000-2:18118:0]   |                      8185..inf | multi-frag zero-copy            | rc_mlx5/mlx5_1:1 |
[1791549943.392472] [a5000-2:18118:0]   +--------------------------------+---------------------------------+------------------+
[1791549943.392602] [a5000-2:18118:0]   +--------------------------------+---------------------------------------------------------------------+
[1791549943.392603] [a5000-2:18118:0]   | ucp_context_0 inter-node cfg#2 | active message by ucp_am_send*(fast-completion) from host memory    |
[1791549943.392603] [a5000-2:18118:0]   +--------------------------------+--------------------------------------------------+------------------+
[1791549943.392604] [a5000-2:18118:0]   |                        0..2038 | short                                            | rc_mlx5/mlx5_1:1 |
[1791549943.392604] [a5000-2:18118:0]   |                     2039..8184 | copy-in                                          | rc_mlx5/mlx5_1:1 |
[1791549943.392607] [a5000-2:18118:0]   |                   8185..185482 | multi-frag copy-in                               | rc_mlx5/mlx5_1:1 |
[1791549943.392607] [a5000-2:18118:0]   |                    185483..inf | multi-frag zero-copy                             | rc_mlx5/mlx5_1:1 |
[1791549943.392608] [a5000-2:18118:0]   +--------------------------------+--------------------------------------------------+------------------+
[1791549943.392921] [a5000-2:18118:0]   +--------------------------------+-----------------------------------------------------------+
[1791549943.392922] [a5000-2:18118:0]   | ucp_context_0 inter-node cfg#2 | active message by ucp_am_send*(multi) from host memory    |
[1791549943.392922] [a5000-2:18118:0]   +--------------------------------+----------------------------------------+------------------+
[1791549943.392923] [a5000-2:18118:0]   |                         0..514 | short                                  | rc_mlx5/mlx5_1:1 |
[1791549943.392923] [a5000-2:18118:0]   |                      515..8184 | zero-copy                              | rc_mlx5/mlx5_1:1 |
[1791549943.392924] [a5000-2:18118:0]   |                      8185..inf | multi-frag zero-copy                   | rc_mlx5/mlx5_1:1 |
[1791549943.392924] [a5000-2:18118:0]   +--------------------------------+----------------------------------------+------------------+
[1791549943.393052] [a5000-2:18118:0]   +--------------------------------+--------------------------------------------------------------------+
[1791549943.393053] [a5000-2:18118:0]   | ucp_context_0 inter-node cfg#2 | active message by ucp_am_send* with reply flag from host memory    |
[1791549943.393053] [a5000-2:18118:0]   +--------------------------------+-------------------------------------------------+------------------+
[1791549943.393054] [a5000-2:18118:0]   |                        0..2030 | short                                           | rc_mlx5/mlx5_1:1 |
[1791549943.393054] [a5000-2:18118:0]   |                     2031..8176 | zero-copy                                       | rc_mlx5/mlx5_1:1 |
[1791549943.393055] [a5000-2:18118:0]   |                      8177..inf | multi-frag zero-copy                            | rc_mlx5/mlx5_1:1 |
[1791549943.393055] [a5000-2:18118:0]   +--------------------------------+-------------------------------------------------+------------------+
[1791549943.393178] [a5000-2:18118:0]   +--------------------------------+-------------------------------------------------------------------------------------+
[1791549943.393179] [a5000-2:18118:0]   | ucp_context_0 inter-node cfg#2 | active message by ucp_am_send* with reply flag(fast-completion) from host memory    |
[1791549943.393179] [a5000-2:18118:0]   +--------------------------------+------------------------------------------------------------------+------------------+
[1791549943.393180] [a5000-2:18118:0]   |                        0..2030 | short                                                            | rc_mlx5/mlx5_1:1 |
[1791549943.393180] [a5000-2:18118:0]   |                     2031..8176 | copy-in                                                          | rc_mlx5/mlx5_1:1 |
[1791549943.393181] [a5000-2:18118:0]   |                   8177..185482 | multi-frag copy-in                                               | rc_mlx5/mlx5_1:1 |
[1791549943.393181] [a5000-2:18118:0]   |                    185483..inf | multi-frag zero-copy                                             | rc_mlx5/mlx5_1:1 |
[1791549943.393182] [a5000-2:18118:0]   +--------------------------------+------------------------------------------------------------------+------------------+
[1791549943.393331] [a5000-2:18118:0]   +--------------------------------+---------------------------------------------------------------------------+
[1791549943.393331] [a5000-2:18118:0]   | ucp_context_0 inter-node cfg#2 | active message by ucp_am_send* with reply flag(multi) from host memory    |
[1791549943.393334] [a5000-2:18118:0]   +--------------------------------+--------------------------------------------------------+------------------+
[1791549943.393334] [a5000-2:18118:0]   |                         0..514 | short                                                  | rc_mlx5/mlx5_1:1 |
[1791549943.393335] [a5000-2:18118:0]   |                      515..8176 | zero-copy                                              | rc_mlx5/mlx5_1:1 |
[1791549943.393335] [a5000-2:18118:0]   |                      8177..inf | multi-frag zero-copy                                   | rc_mlx5/mlx5_1:1 |
[1791549943.393336] [a5000-2:18118:0]   +--------------------------------+--------------------------------------------------------+------------------+
[1791549943.487343] [a5000-2:18118:0]   +--------------------------------+--------------------------------------------------------------------+
[1791549943.487345] [a5000-2:18118:0]   | ucp_context_0 inter-node cfg#2 | remote memory write by ucp_put* from host memory to cuda/dev[0]    |
[1791549943.487345] [a5000-2:18118:0]   +--------------------------------+-------------------------------------------------+------------------+
[1791549943.487346] [a5000-2:18118:0]   |                          0..2K | short                                           | rc_mlx5/mlx5_1:1 |
[1791549943.487346] [a5000-2:18118:0]   |                      2049..inf | zero-copy                                       | rc_mlx5/mlx5_1:1 |
[1791549943.487347] [a5000-2:18118:0]   +--------------------------------+-------------------------------------------------+------------------+
[1791549943.487420] [a5000-2:18118:0]   +--------------------------------+-------------------------------------------------------------------------------------+
[1791549943.487421] [a5000-2:18118:0]   | ucp_context_0 inter-node cfg#2 | remote memory write by ucp_put*(fast-completion) from host memory to cuda/dev[0]    |
[1791549943.487421] [a5000-2:18118:0]   +--------------------------------+------------------------------------------------------------------+------------------+
[1791549943.487421] [a5000-2:18118:0]   |                          0..2K | short                                                            | rc_mlx5/mlx5_1:1 |
[1791549943.487422] [a5000-2:18118:0]   |                      2049..inf | copy-in                                                          | rc_mlx5/mlx5_1:1 |
[1791549943.487422] [a5000-2:18118:0]   +--------------------------------+------------------------------------------------------------------+------------------+
[1791549943.487508] [a5000-2:18118:0]   +--------------------------------+---------------------------------------------------------------------------+
[1791549943.487509] [a5000-2:18118:0]   | ucp_context_0 inter-node cfg#2 | remote memory write by ucp_put*(multi) from host memory to cuda/dev[0]    |
[1791549943.487510] [a5000-2:18118:0]   +--------------------------------+--------------------------------------------------------+------------------+
[1791549943.487510] [a5000-2:18118:0]   |                          0..2K | short                                                  | rc_mlx5/mlx5_1:1 |
[1791549943.487510] [a5000-2:18118:0]   |                      2049..inf | copy-in                                                | rc_mlx5/mlx5_1:1 |
[1791549943.487511] [a5000-2:18118:0]   +--------------------------------+--------------------------------------------------------+------------------+
[1791549943.524938] [a5000-2:18118:0]   +--------------------------+--------------------------------------------------------------------+
[1791549943.524940] [a5000-2:18118:0]   | ucp_context_0 self cfg#1 | remote memory write by ucp_put* from host memory to cuda/dev[0]    |
[1791549943.524940] [a5000-2:18118:0]   +--------------------------+-------------------------------------------------+------------------+
[1791549943.524941] [a5000-2:18118:0]   |                    0..2K | short                                           | rc_mlx5/mlx5_1:1 |
[1791549943.524941] [a5000-2:18118:0     bytes     median_s    Gbit/s
   1048576     0.000173     48.56
   4194304     0.000658     50.97
  16777216     0.002807     47.81
  67108864     0.011201     47.93
 268435456     0.044795     47.94
]   |                2049..inf | zero-copy                                       | rc_mlx5/mlx5_1:1 |
[1791549943.524950] [a5000-2:18118:0]   +--------------------------+-------------------------------------------------+------------------+
[1791549943.525032] [a5000-2:18118:0]   +--------------------------+-------------------------------------------------------------------------------------+
[1791549943.525033] [a5000-2:18118:0]   | ucp_context_0 self cfg#1 | remote memory write by ucp_put*(fast-completion) from host memory to cuda/dev[0]    |
[1791549943.525033] [a5000-2:18118:0]   +--------------------------+------------------------------------------------------------------+------------------+
[1791549943.525034] [a5000-2:18118:0]   |                    0..2K | short                                                            | rc_mlx5/mlx5_1:1 |
[1791549943.525034] [a5000-2:18118:0]   |             2049..188656 | copy-in                                                          | rc_mlx5/mlx5_1:1 |
[1791549943.525035] [a5000-2:18118:0]   |              188657..inf | zero-copy                                                        | rc_mlx5/mlx5_1:1 |
[1791549943.525035] [a5000-2:18118:0]   +--------------------------+------------------------------------------------------------------+------------------+
[1791549943.525117] [a5000-2:18118:0]   +--------------------------+---------------------------------------------------------------------------+
[1791549943.525117] [a5000-2:18118:0]   | ucp_context_0 self cfg#1 | remote memory write by ucp_put*(multi) from host memory to cuda/dev[0]    |
[1791549943.525118] [a5000-2:18118:0]   +--------------------------+--------------------------------------------------------+------------------+
[1791549943.525118] [a5000-2:18118:0]   |                   0..587 | short                                                  | rc_mlx5/mlx5_1:1 |
[1791549943.525119] [a5000-2:18118:0]   |                 588..inf | zero-copy                                              | rc_mlx5/mlx5_1:1 |
[1791549943.525119] [a5000-2:18118:0]   +--------------------------+--------------------------------------------------------+------------------+
[1791549943.525461] [a5000-2:18118:0]   +--------------------------------+-------------------------------------------------------------------------+
[1791549943.525462] [a5000-2:18118:0]   | ucp_context_0 inter-node cfg#2 | remote memory write by ucp_put*(multi) from cuda/GPU0 to cuda/dev[0]    |
[1791549943.525463] [a5000-2:18118:0]   +--------------------------------+------------------------------------------------------+------------------+
[1791549943.525463] [a5000-2:18118:0]   |                              0 | short                                                | rc_mlx5/mlx5_1:1 |
[1791549943.525464] [a5000-2:18118:0]   |                         1..inf | zero-copy                                            | rc_mlx5/mlx5_1:1 |
[1791549943.525464] [a5000-2:18118:0]   +--------------------------------+------------------------------------------------------+------------------+
[1791549943.525986] [a5000-2:18118:0]   +--------------------------------+---------------------------------------------------------+
[1791549943.525987] [a5000-2:18118:0]   | ucp_context_0 inter-node cfg#2 | active message by ucp_am_send*(egr) from host memory    |
[1791549943.525987] [a5000-2:18118:0]   +--------------------------------+--------------------------------------+------------------+
[1791549943.525988] [a5000-2:18118:0]   |                        0..2038 | short                                | rc_mlx5/mlx5_1:1 |
[1791549943.525988] [a5000-2:18118:0]   |                     2039..8184 | zero-copy                            | rc_mlx5/mlx5_1:1 |
[1791549943.525989] [a5000-2:18118:0]   |                      8185..inf | multi-frag zero-copy                 | rc_mlx5/mlx5_1:1 |
[1791549943.525989] [a5000-2:18118:0]   +--------------------------------+--------------------------------------+------------------+
initiator exit=0
