[1791549935.674911] [s8:1237711:0]   +--------------------------+-------------------------------------------------------------+
[1791549935.674919] [s8:1237711:0]   | ucp_context_0 self cfg#0 | remote memory write by ucp_put* from host memory to host    |
[1791549935.674920] [s8:1237711:0]   +--------------------------+--------------------------------------------+----------------+
[1791549935.674920] [s8:1237711:0]   |            0..4294967295 | short                                      | cuda_copy/cuda |
[1791549935.674920] [s8:1237711:0]   +--------------------------+--------------------------------------------+----------------+
[1791549935.674943] [s8:1237711:0]   +--------------------------+------------------------------------------------------------------------------+
[1791549935.674944] [s8:1237711:0]   | ucp_context_0 self cfg#0 | remote memory write by ucp_put*(fast-completion) from host memory to host    |
[1791549935.674944] [s8:1237711:0]   +--------------------------+-------------------------------------------------------------+----------------+
[1791549935.674945] [s8:1237711:0]   |            0..4294967295 | short                                                       | cuda_copy/cuda |
[1791549935.674945] [s8:1237711:0]   +--------------------------+-------------------------------------------------------------+----------------+
[1791549935.674965] [s8:1237711:0]   +--------------------------+--------------------------------------------------------------------+
[1791549935.674965] [s8:1237711:0]   | ucp_context_0 self cfg#0 | remote memory write by ucp_put*(multi) from host memory to host    |
[1791549935.674965] [s8:1237711:0]   +--------------------------+---------------------------------------------------+----------------+
[1791549935.674966] [s8:1237711:0]   |            0..4294967295 | short                                             | cuda_copy/cuda |
[1791549935.674966] [s8:1237711:0]   +--------------------------+---------------------------------------------------+----------------+
[1791549935.675001] [s8:1237711:0]   +--------------------------+----------------------------------------------------+
[1791549935.675002] [s8:1237711:0]   | ucp_context_0 self cfg#0 | active message by ucp_am_send* from host memory    |
[1791549935.675002] [s8:1237711:0]   +--------------------------+-------------------------------------------------+--+
[1791549935.675003] [s8:1237711:0]   +--------------------------+-------------------------------------------------+--+
[1791549935.675013] [s8:1237711:0]   +--------------------------+--------------------------------------------------------------------+
[1791549935.675013] [s8:1237711:0]   | ucp_context_0 self cfg#0 | active message by ucp_am_send* with reply flag from host memory    |
[1791549935.675014] [s8:1237711:0]   +--------------------------+-----------------------------------------------------------------+--+
[1791549935.675014] [s8:1237711:0]   +--------------------------+-----------------------------------------------------------------+--+
[1791549935.678817] [s8:1237711:0]   +--------------------------+-------------------------------------------------------------+
[1791549935.678819] [s8:1237711:0]   | ucp_context_0 self cfg#1 | remote memory write by ucp_put* from host memory to host    |
[1791549935.678820] [s8:1237711:0]   +--------------------------+-------------+-----------------------------------------------+
[1791549935.678820] [s8:1237711:0]   |                    0..2K | short       | rc_mlx5/mlx5_0:1                              |
[1791549935.678821] [s8:1237711:0]   |               2049..3276 | copy-in     | rc_mlx5/mlx5_0:1                              |
[1791549935.678821] [s8:1237711:0]   |                3277..inf | zero-copy   | 52% on rc_mlx5/mlx5_0:1 and 48% on cma/memory |
[1791549935.678821] [s8:1237711:0]   +--------------------------+-------------+-----------------------------------------------+
[1791549935.678911] [s8:1237711:0]   +--------------------------+------------------------------------------------------------------------------+
[1791549935.678947] [s8:1237711:0]   | ucp_context_0 self cfg#1 | remote memory write by ucp_put*(fast-completion) from host memory to host    |
[1791549935.678948] [s8:1237711:0]   +--------------------------+------------------------------+-----------------------------------------------+
[1791549935.678948] [s8:1237711:0]   |                    0..2K | short                        | rc_mlx5/mlx5_0:1                              |
[1791549935.678948] [s8:1237711:0]   |              2049..16351 | copy-in                      | rc_mlx5/mlx5_0:1                              |
[1791549935.678949] [s8:1237711:0]   |               16352..inf | zero-copy                    | 52% on rc_mlx5/mlx5_0:1 and 48% on cma/memory |
[1791549935.678949] [s8:1237711:0]   +--------------------------+------------------------------+-----------------------------------------------+
[1791549935.679009] [s8:1237711:0]   +--------------------------+--------------------------------------------------------------------+
[1791549935.679010] [s8:1237711:0]   | ucp_context_0 self cfg#1 | remote memory write by ucp_put*(multi) from host memory to host    |
[1791549935.679010] [s8:1237711:0]   +--------------------------+--------------------+-----------------------------------------------+
[1791549935.679010] [s8:1237711:0]   |                    0..2K | short              | rc_mlx5/mlx5_0:1                              |
[1791549935.679011] [s8:1237711:0]   |               2049..4221 | copy-in            | rc_mlx5/mlx5_0:1                              |
[1791549935.679011] [s8:1237711:0]   |                4222..inf | zero-copy          | 52% on rc_mlx5/mlx5_0:1 and 48% on cma/memory |
[1791549935.679011] [s8:1237711:0]   +--------------------------+--------------------+-----------------------------------------------+
[1791549935.679236] [s8:1237711:0]   +--------------------------+----------------------------------------------------+
[1791549935.679237] [s8:1237711:0]   | ucp_context_0 self cfg#1 | active message by ucp_am_send* from host memory    |
[1791549935.679238] [s8:1237711:0]   +--------------------------+---------------------------------+------------------+
[1791549935.679238] [s8:1237711:0]   |                  0..2038 | short                           | rc_mlx5/mlx5_0:1 |
[1791549935.679238] [s8:1237711:0]   |               2039..8184 | zero-copy                       | rc_mlx5/mlx5_0:1 |
[1791549935.679239] [s8:1237711:0]   |                8185..inf | multi-frag zero-copy            | rc_mlx5/mlx5_0:1 |
[1791549935.679239] [s8:1237711:0]   +--------------------------+---------------------------------+------------------+
[1791549935.679331] [s8:1237711:0]   +--------------------------+---------------------------------------------------------------------+
[1791549935.679331] [s8:1237711:0]   | ucp_context_0 self cfg#1 | active message by ucp_am_send*(fast-completion) from host memory    |
[1791549935.679332] [s8:1237711:0]   +--------------------------+--------------------------------------------------+------------------+
[1791549935.679332] [s8:1237711:0]   |                  0..2038 | short                                            | rc_mlx5/mlx5_0:1 |
[1791549935.679332] [s8:1237711:0]   |               2039..8184 | copy-in                                          | rc_mlx5/mlx5_0:1 |
[1791549935.679333] [s8:1237711:0]   |              8185..18302 | multi-frag copy-in                               | rc_mlx5/mlx5_0:1 |
[1791549935.679333] [s8:1237711:0]   |               18303..inf | multi-frag zero-copy                             | rc_mlx5/mlx5_0:1 |
[1791549935.679333] [s8:1237711:0]   +--------------------------+--------------------------------------------------+------------------+
[1791549935.679556] [s8:1237711:0]   +--------------------------+-----------------------------------------------------------+
[1791549935.679556] [s8:1237711:0]   | ucp_context_0 self cfg#1 | active message by ucp_am_send*(multi) from host memory    |
[1791549935.679557] [s8:1237711:0]   +--------------------------+----------------------------------------+-2026-10-09 21:45:35 NIXL INFO    _api.py:363 Backend UCX was instantiated
2026-10-09 21:45:35 NIXL INFO    _api.py:253 Initialized NIXL agent: initiator
-----------------+
[1791549935.679566] [s8:1237711:0]   |                   0..514 | short                                  | rc_mlx5/mlx5_0:1 |
[1791549935.679567] [s8:1237711:0]   |                515..8184 | zero-copy                              | rc_mlx5/mlx5_0:1 |
[1791549935.679567] [s8:1237711:0]   |                8185..inf | multi-frag zero-copy                   | rc_mlx5/mlx5_0:1 |
[1791549935.679567] [s8:1237711:0]   +--------------------------+----------------------------------------+------------------+
[1791549935.679656] [s8:1237711:0]   +--------------------------+--------------------------------------------------------------------+
[1791549935.679656] [s8:1237711:0]   | ucp_context_0 self cfg#1 | active message by ucp_am_send* with reply flag from host memory    |
[1791549935.679657] [s8:1237711:0]   +--------------------------+-------------------------------------------------+------------------+
[1791549935.679657] [s8:1237711:0]   |                  0..2030 | short                                           | rc_mlx5/mlx5_0:1 |
[1791549935.679657] [s8:1237711:0]   |               2031..8176 | zero-copy                                       | rc_mlx5/mlx5_0:1 |
[1791549935.679658] [s8:1237711:0]   |                8177..inf | multi-frag zero-copy                            | rc_mlx5/mlx5_0:1 |
[1791549935.679658] [s8:1237711:0]   +--------------------------+-------------------------------------------------+------------------+
[1791549935.679754] [s8:1237711:0]   +--------------------------+-------------------------------------------------------------------------------------+
[1791549935.679755] [s8:1237711:0]   | ucp_context_0 self cfg#1 | active message by ucp_am_send* with reply flag(fast-completion) from host memory    |
[1791549935.679755] [s8:1237711:0]   +--------------------------+------------------------------------------------------------------+------------------+
[1791549935.679755] [s8:1237711:0]   |                  0..2030 | short                                                            | rc_mlx5/mlx5_0:1 |
[1791549935.679756] [s8:1237711:0]   |               2031..8176 | copy-in                                                          | rc_mlx5/mlx5_0:1 |
[1791549935.679756] [s8:1237711:0]   |              8177..18302 | multi-frag copy-in                                               | rc_mlx5/mlx5_0:1 |
[1791549935.679757] [s8:1237711:0]   |               18303..inf | multi-frag zero-copy                                             | rc_mlx5/mlx5_0:1 |
[1791549935.679757] [s8:1237711:0]   +--------------------------+------------------------------------------------------------------+------------------+
[1791549935.679858] [s8:1237711:0]   +--------------------------+---------------------------------------------------------------------------+
[1791549935.679858] [s8:1237711:0]   | ucp_context_0 self cfg#1 | active message by ucp_am_send* with reply flag(multi) from host memory    |
[1791549935.679859] [s8:1237711:0]   +--------------------------+--------------------------------------------------------+------------------+
[1791549935.679859] [s8:1237711:0]   |                   0..514 | short                                                  | rc_mlx5/mlx5_0:1 |
[1791549935.679859] [s8:1237711:0]   |                515..8176 | zero-copy                                              | rc_mlx5/mlx5_0:1 |
[1791549935.679860] [s8:1237711:0]   |                8177..inf | multi-frag zero-copy                                   | rc_mlx5/mlx5_0:1 |
[1791549935.679860] [s8:1237711:0]   +--------------------------+--------------------------------------------------------+------------------+
[1791549935.686197] [s8:1237711:0]   +--------------------------------+-------------------------------------------------------------+
[1791549935.686200] [s8:1237711:0]   | ucp_context_0 inter-node cfg#2 | remote memory write by ucp_put* from host memory to host    |
[1791549935.686201] [s8:1237711:0]   +--------------------------------+------------------------------------------+------------------+
[1791549935.686202] [s8:1237711:0]   |                          0..2K | short                                    | rc_mlx5/mlx5_0:1 |
[1791549935.686217] [s8:1237711:0]   |                      2049..inf | zero-copy                                | rc_mlx5/mlx5_0:1 |
[1791549935.686218] [s8:1237711:0]   +--------------------------------+------------------------------------------+------------------+
[1791549935.686290] [s8:1237711:0]   +--------------------------------+------------------------------------------------------------------------------+
[1791549935.686290] [s8:1237711:0]   | ucp_context_0 inter-node cfg#2 | remote memory write by ucp_put*(fast-completion) from host memory to host    |
[1791549935.686291] [s8:1237711:0]   +--------------------------------+-----------------------------------------------------------+------------------+
[1791549935.686291] [s8:1237711:0]   |                          0..2K | short                                                     | rc_mlx5/mlx5_0:1 |
[1791549935.686292] [s8:1237711:0]   |                    2049..18330 | copy-in                                                   | rc_mlx5/mlx5_0:1 |
[1791549935.686292] [s8:1237711:0]   |                     18331..inf | zero-copy                                                 | rc_mlx5/mlx5_0:1 |
[1791549935.686293] [s8:1237711:0]   +--------------------------------+-----------------------------------------------------------+------------------+
[1791549935.686362] [s8:1237711:0]   +--------------------------------+--------------------------------------------------------------------+
[1791549935.686362] [s8:1237711:0]   | ucp_context_0 inter-node cfg#2 | remote memory write by ucp_put*(multi) from host memory to host    |
[1791549935.686363] [s8:1237711:0]   +--------------------------------+-------------------------------------------------+------------------+
[1791549935.686363] [s8:1237711:0]   |                         0..587 | short                                           | rc_mlx5/mlx5_0:1 |
[1791549935.686364] [s8:1237711:0]   |                       588..inf | zero-copy                                       | rc_mlx5/mlx5_0:1 |
[1791549935.686364] [s8:1237711:0]   +--------------------------------+-------------------------------------------------+------------------+
[1791549935.686603] [s8:1237711:0]   +--------------------------------+----------------------------------------------------+
[1791549935.686604] [s8:1237711:0]   | ucp_context_0 inter-node cfg#2 | active message by ucp_am_send* from host memory    |
[1791549935.686605] [s8:1237711:0]   +--------------------------------+---------------------------------+------------------+
[1791549935.686605] [s8:1237711:0]   |                        0..2038 | short                           | rc_mlx5/mlx5_0:1 |
[1791549935.686606] [s8:1237711:0]   |                     2039..8184 | zero-copy                       | rc_mlx5/mlx5_0:1 |
[1791549935.686606] [s8:1237711:0]   |                      8185..inf | multi-frag zero-copy            | rc_mlx5/mlx5_0:1 |
[1791549935.686606] [s8:1237711:0]   +--------------------------------+---------------------------------+------------------+
[1791549935.686727] [s8:1237711:0]   +--------------------------------+---------------------------------------------------------------------+
[1791549935.686728] [s8:1237711:0]   | ucp_context_0 inter-node cfg#2 | active message by ucp_am_send*(fast-completion) from host memory    |
[1791549935.686728] [s8:1237711:0]   +--------------------------------+--------------------------------------------------+------------------+
[1791549935.686729] [s8:1237711:0]   |                        0..2038 | short                                            | rc_mlx5/mlx5_0:1 |
[1791549935.686729] [s8:1237711:0]   |                     2039..8184 | copy-in                                          | rc_mlx5/mlx5_0:1 |
[1791549935.686730] [s8:1237711:0]   |                    8185..18302 | multi-frag copy-in                               | rc_mlx5/mlx5_0:1 |
[1791549935.686730] [s8:1237711:0]   |                     18303..inf | multi-frag zero-copy                             | rc_mlx5/mlx5_0:1 |
[1791549935.686738] [s8:1237711:0]   +--------------------------------+--------------------------------------------------+------------------+
[1791549935.687029] [s8:1237711:0]   +--------------------------------+-----------------------------------------------------------+
[1791549935.687029] [s8:1237711:0]   | ucp_context_0 inter-node cfg#2 | active message by ucp_am_send*(multi) from host memory    |
[1791549935.687030] [s8:1237711:0]   +--------------------------------+----------------------------------------+------------------+
[1791549935.687030] [s8:1237711:0]   |                         0..514 | short                                  | rc_mlx5/mlx5_0:1 |
[1791549935.687031] [s8:1237711:0]   |                      515..8184 | zero-copy                              | rc_mlx5/mlx5_0:1 |
[1791549935.687031] [s8:1237711:0]   |                      8185..inf | multi-frag zero-copy                   | rc_mlx5/mlx5_0:1 |
[1791549935.687032] [s8:1237711:0]   +--------------------------------+----------------------------------------+------------------+
[1791549935.687144] [s8:1237711:0]   +--------------------------------+--------------------------------------------------------------------+
[1791549935.687145] [s8:1237711:0]   | ucp_context_0 inter-node cfg#2 | active message by ucp_am_send* with reply flag from host memory    |
[1791549935.687145] [s8:1237711:0]   +--------------------------------+-------------------------------------------------+------------------+
[1791549935.687146] [s8:1237711:0]   |                        0..2030 | short                                           | rc_mlx5/mlx5_0:1 |
[1791549935.687146] [s8:1237711:0]   |                     2031..8176 | zero-copy                                       | rc_mlx5/mlx5_0:1 |
[1791549935.687147] [s8:1237711:0]   |                      8177..inf | multi-frag zero-copy                            | rc_mlx5/mlx5_0:1 |
[1791549935.687147] [s8:1237711:0]   +--------------------------------+-------------------------------------------------+------------------+
[1791549935.687259] [s8:1237711:0]   +--------------------------------+-------------------------------------------------------------------------------------+
[1791549935.687260] [s8:1237711:0]   | ucp_context_0 inter-node cfg#2 | active message by ucp_am_send* with reply flag(fast-completion) from host memory    |
[1791549935.687260] [s8:1237711:0]   +--------------------------------+------------------------------------------------------------------+------------------+
[1791549935.687261] [s8:1237711:0]   |                        0..2030 | short                                                            | rc_mlx5/mlx5_0:1 |
[1791549935.687261] [s8:1237711:0]   |                     2031..8176 | copy-in                                                          | rc_mlx5/mlx5_0:1 |
[1791549935.687262] [s8:1237711:0]   |                    8177..18302 | multi-frag copy-in                                               | rc_mlx5/mlx5_0:1 |
[1791549935.687262] [s8:1237711:0]   |                     18303..inf | multi-frag zero-copy                                             | rc_mlx5/mlx5_0:1 |
[1791549935.687263] [s8:1237711:0]   +--------------------------------+------------------------------------------------------------------+------------------+
[1791549935.687394] [s8:1237711:0]   +--------------------------------+---------------------------------------------------------------------------+
[1791549935.687395] [s8:1237711:0]   | ucp_context_0 inter-node cfg#2 | active message by ucp_am_send* with reply flag(multi) from host memory    |
[1791549935.687395] [s8:1237711:0]   +--------------------------------+--------------------------------------------------------+------------------+
[1791549935.687396] [s8:1237711:0]   |                         0..514 | short                                                  | rc_mlx5/mlx5_0:1 |
[1791549935.687396] [s8:1237711:0]   |                      515..8176 | zero-copy                                              | rc_mlx5/mlx5_0:1 |
[1791549935.687403] [s8:1237711:0]   |                      8177..inf | multi-frag zero-copy                                   | rc_mlx5/mlx5_0:1 |
[1791549935.687403] [s8:1237711:0]   +--------------------------------+--------------------------------------------------------+------------------+
[1791549935.788189] [s8:1237711:0]   +--------------------------------+--------------------------------------------------------------------+
[1791549935.788191] [s8:1237711:0]   | ucp_context_0 inter-node cfg#2 | remote memory write by ucp_put* from host memory to cuda/dev[0]    |
[1791549935.788191] [s8:1237711:0]   +--------------------------------+-------------------------------------------------+------------------+
[1791549935.788192] [s8:1237711:0]   |                          0..2K | short                                           | rc_mlx5/mlx5_0:1 |
[1791549935.788192] [s8:1237711:0]   |                      2049..inf | zero-copy                                       | rc_mlx5/mlx5_0:1 |
[1791549935.788193] [s8:1237711:0]   +--------------------------------+-------------------------------------------------+------------------+
[1791549935.788254] [s8:1237711:0]   +--------------------------------+-------------------------------------------------------------------------------------+
[1791549935.788255] [s8:1237711:0]   | ucp_context_0 inter-node cfg#2 | remote memory write by ucp_put*(fast-completion) from host memory to cuda/dev[0]    |
[1791549935.788255] [s8:1237711:0]   +--------------------------------+------------------------------------------------------------------+------------------+
[1791549935.788256] [s8:1237711:0]   |                          0..2K | short                                                            | rc_mlx5/mlx5_0:1 |
[1791549935.788256] [s8:1237711:0]   |                    2049..18330 | copy-in                                                          | rc_mlx5/mlx5_0:1 |
[1791549935.788256] [s8:1237711:0]   |                     18331..inf | zero-copy                                                        | rc_mlx5/mlx5_0:1 |
[1791549935.788257] [s8:1237711:0]   +--------------------------------+------------------------------------------------------------------+------------------+
[1791549935.788318] [s8:1237711:0]   +--------------------------------+---------------------------------------------------------------------------+
[1791549935.788318] [s8:1237711:0]   | ucp_context_0 inter-node cfg#2 | remote memory write by ucp_put*(multi) from host memory to cuda/dev[0]    |
[1791549935.788319] [s8:1237711:0]   +--------------------------------+--------------------------------------------------------+------------------+
[1791549935.788319] [s8:1237711:0]   |                         0..587 | short                                                  | rc_mlx5/mlx5_0:1 |
[1791549935.788320] [s8:1237711:0]   |                       588..inf | zero-copy                                              | rc_mlx5/mlx5_0:1 |
[1791549935.788320] [s8:1237711:0]   +--------------------------------+--------------------------------------------------------+------------------+
[1791549935.871995] [s8:1237711:0]   +--------------------------+--------------------------------------------------------------------+
[1791549935.871997] [s8:1237711:0]   | ucp_context_0 self cfg#1 | remote memory write by ucp_put* from host memory to cuda/dev[0]    |
[1791549935.871997] [s8:1237711:0]   +--------------------------+-------------------------------------------------+------------------+
[1791549935.871998] [s8:1237711:0]   |                    0..2K | short                                           | rc_mlx5/mlx5_0:1 |
[1791549935.871998] [s8:1237711:0]   |                2049..inf | zero-copy                                       | rc_mlx5/mlx5_0:1 |
[1791549935.871999] [s8:1237711:0]   +--------------------------+-------------------------------------------------+------------------+
[1791549935.872061] [s8:1237711:0]   +--------------------------+--------------------------------------------------------------     bytes     median_s    Gbit/s
   1048576     0.000157     53.57
   4194304     0.000592     56.71
  16777216     0.002335     57.49
  67108864     0.009304     57.71
 268435456     0.037178     57.76
-----------------------+
[1791549935.872083] [s8:1237711:0]   | ucp_context_0 self cfg#1 | remote memory write by ucp_put*(fast-completion) from host memory to cuda/dev[0]    |
[1791549935.872084] [s8:1237711:0]   +--------------------------+------------------------------------------------------------------+------------------+
[1791549935.872084] [s8:1237711:0]   |                    0..2K | short                                                            | rc_mlx5/mlx5_0:1 |
[1791549935.872085] [s8:1237711:0]   |                2049..inf | copy-in                                                          | rc_mlx5/mlx5_0:1 |
[1791549935.872085] [s8:1237711:0]   +--------------------------+------------------------------------------------------------------+------------------+
[1791549935.872154] [s8:1237711:0]   +--------------------------+---------------------------------------------------------------------------+
[1791549935.872154] [s8:1237711:0]   | ucp_context_0 self cfg#1 | remote memory write by ucp_put*(multi) from host memory to cuda/dev[0]    |
[1791549935.872155] [s8:1237711:0]   +--------------------------+--------------------------------------------------------+------------------+
[1791549935.872155] [s8:1237711:0]   |                    0..2K | short                                                  | rc_mlx5/mlx5_0:1 |
[1791549935.872156] [s8:1237711:0]   |                2049..inf | copy-in                                                | rc_mlx5/mlx5_0:1 |
[1791549935.872156] [s8:1237711:0]   +--------------------------+--------------------------------------------------------+------------------+
[1791549935.872470] [s8:1237711:0]   +--------------------------------+-------------------------------------------------------------------------+
[1791549935.872471] [s8:1237711:0]   | ucp_context_0 inter-node cfg#2 | remote memory write by ucp_put*(multi) from cuda/GPU0 to cuda/dev[0]    |
[1791549935.872471] [s8:1237711:0]   +--------------------------------+------------------------------------------------------+------------------+
[1791549935.872471] [s8:1237711:0]   |                              0 | short                                                | rc_mlx5/mlx5_0:1 |
[1791549935.872472] [s8:1237711:0]   |                         1..inf | zero-copy                                            | rc_mlx5/mlx5_0:1 |
[1791549935.872472] [s8:1237711:0]   +--------------------------------+------------------------------------------------------+------------------+
[1791549935.872964] [s8:1237711:0]   +--------------------------------+---------------------------------------------------------+
[1791549935.872964] [s8:1237711:0]   | ucp_context_0 inter-node cfg#2 | active message by ucp_am_send*(egr) from host memory    |
[1791549935.872965] [s8:1237711:0]   +--------------------------------+--------------------------------------+------------------+
[1791549935.872965] [s8:1237711:0]   |                        0..2038 | short                                | rc_mlx5/mlx5_0:1 |
[1791549935.872966] [s8:1237711:0]   |                     2039..8184 | zero-copy                            | rc_mlx5/mlx5_0:1 |
[1791549935.872966] [s8:1237711:0]   |                      8185..inf | multi-frag zero-copy                 | rc_mlx5/mlx5_0:1 |
[1791549935.872966] [s8:1237711:0]   +--------------------------------+--------------------------------------+------------------+
initiator exit=0
