healthy=yes after 8x5s
## rep 1
PREFILL_PARAMS {"do_remote_decode": false, "do_remote_prefill": true, "remote_block_ids": [[1, 2, 3, 4, 5, 6, 7, 8, 9, 10, 11, 12, 13, 14]], "remote_engine_id": "8aee4f35-eb00-4f66-8731-053fe0c57f8b", "remote_host": "192.168.210.108", "remote_port": 5600, "remote_request_id": "cmpl-88e42ee85fef7ec4-0-bb89bebd", "t
Traceback (most recent call last):
  File "/home/swsok/heteropilot-graphsearch/experiments/pd_probe/pd_client.py", line 34, in <module>
    d = post(f"{DECODE}/v1/completions",
        ^^^^^^^^^^^^^^^^^^^^^^^^^^^^^^^^
  File "/home/swsok/heteropilot-graphsearch/experiments/pd_probe/pd_client.py", line 18, in post
    with urllib.request.urlopen(req, timeout=180) as r:
         ^^^^^^^^^^^^^^^^^^^^^^^^^^^^^^^^^^^^^^^^
  File "/home/swsok/.local/share/uv/python/cpython-3.12.13-linux-x86_64-gnu/lib/python3.12/urllib/request.py", line 215, in urlopen
    return opener.open(url, data, timeout)
           ^^^^^^^^^^^^^^^^^^^^^^^^^^^^^^^
  File "/home/swsok/.local/share/uv/python/cpython-3.12.13-linux-x86_64-gnu/lib/python3.12/urllib/request.py", line 521, in open
    response = meth(req, response)
               ^^^^^^^^^^^^^^^^^^^
  File "/home/swsok/.local/share/uv/python/cpython-3.12.13-linux-x86_64-gnu/lib/python3.12/urllib/request.py", line 630, in http_response
    response = self.parent.error(
               ^^^^^^^^^^^^^^^^^^
  File "/home/swsok/.local/share/uv/python/cpython-3.12.13-linux-x86_64-gnu/lib/python3.12/urllib/request.py", line 559, in error
    return self._call_chain(*args)
           ^^^^^^^^^^^^^^^^^^^^^^^
  File "/home/swsok/.local/share/uv/python/cpython-3.12.13-linux-x86_64-gnu/lib/python3.12/urllib/request.py", line 492, in _call_chain
    result = func(*args)
             ^^^^^^^^^^^
  File "/home/swsok/.local/share/uv/python/cpython-3.12.13-linux-x86_64-gnu/lib/python3.12/urllib/request.py", line 639, in http_error_default
    raise HTTPError(req.full_url, code, msg, hdrs, fp)
urllib.error.HTTPError: HTTP Error 500: Internal Server Error
## rep 2
PREFILL_PARAMS {"do_remote_decode": false, "do_remote_prefill": true, "remote_block_ids": [[15, 16, 17, 18, 19, 20, 21, 22, 23, 24, 25, 26, 27, 28]], "remote_engine_id": "8aee4f35-eb00-4f66-8731-053fe0c57f8b", "remote_host": "192.168.210.108", "remote_port": 5600, "remote_request_id": "cmpl-a2cfb755fbb53d15-0-8d57
Traceback (most recent call last):
  File "/home/swsok/heteropilot-graphsearch/experiments/pd_probe/pd_client.py", line 34, in <module>
    d = post(f"{DECODE}/v1/completions",
        ^^^^^^^^^^^^^^^^^^^^^^^^^^^^^^^^
  File "/home/swsok/heteropilot-graphsearch/experiments/pd_probe/pd_client.py", line 18, in post
    with urllib.request.urlopen(req, timeout=180) as r:
         ^^^^^^^^^^^^^^^^^^^^^^^^^^^^^^^^^^^^^^^^
  File "/home/swsok/.local/share/uv/python/cpython-3.12.13-linux-x86_64-gnu/lib/python3.12/urllib/request.py", line 215, in urlopen
    return opener.open(url, data, timeout)
           ^^^^^^^^^^^^^^^^^^^^^^^^^^^^^^^
  File "/home/swsok/.local/share/uv/python/cpython-3.12.13-linux-x86_64-gnu/lib/python3.12/urllib/request.py", line 521, in open
    response = meth(req, response)
               ^^^^^^^^^^^^^^^^^^^
  File "/home/swsok/.local/share/uv/python/cpython-3.12.13-linux-x86_64-gnu/lib/python3.12/urllib/request.py", line 630, in http_response
    response = self.parent.error(
               ^^^^^^^^^^^^^^^^^^
  File "/home/swsok/.local/share/uv/python/cpython-3.12.13-linux-x86_64-gnu/lib/python3.12/urllib/request.py", line 559, in error
    return self._call_chain(*args)
           ^^^^^^^^^^^^^^^^^^^^^^^
  File "/home/swsok/.local/share/uv/python/cpython-3.12.13-linux-x86_64-gnu/lib/python3.12/urllib/request.py", line 492, in _call_chain
    result = func(*args)
             ^^^^^^^^^^^
  File "/home/swsok/.local/share/uv/python/cpython-3.12.13-linux-x86_64-gnu/lib/python3.12/urllib/request.py", line 639, in http_error_default
    raise HTTPError(req.full_url, code, msg, hdrs, fp)
urllib.error.HTTPError: HTTP Error 500: Internal Server Error
## rep 3
PREFILL_PARAMS {"do_remote_decode": false, "do_remote_prefill": true, "remote_block_ids": [[29, 30, 31, 32, 33, 34, 35, 36, 37, 38, 39, 40, 41, 42]], "remote_engine_id": "8aee4f35-eb00-4f66-8731-053fe0c57f8b", "remote_host": "192.168.210.108", "remote_port": 5600, "remote_request_id": "cmpl-abf591ba934289f1-0-bc73
Traceback (most recent call last):
  File "/home/swsok/.local/share/uv/python/cpython-3.12.13-linux-x86_64-gnu/lib/python3.12/urllib/request.py", line 1344, in do_open
    h.request(req.get_method(), req.selector, req.data, headers,
  File "/home/swsok/.local/share/uv/python/cpython-3.12.13-linux-x86_64-gnu/lib/python3.12/http/client.py", line 1358, in request
    self._send_request(method, url, body, headers, encode_chunked)
  File "/home/swsok/.local/share/uv/python/cpython-3.12.13-linux-x86_64-gnu/lib/python3.12/http/client.py", line 1404, in _send_request
    self.endheaders(body, encode_chunked=encode_chunked)
  File "/home/swsok/.local/share/uv/python/cpython-3.12.13-linux-x86_64-gnu/lib/python3.12/http/client.py", line 1353, in endheaders
    self._send_output(message_body, encode_chunked=encode_chunked)
  File "/home/swsok/.local/share/uv/python/cpython-3.12.13-linux-x86_64-gnu/lib/python3.12/http/client.py", line 1113, in _send_output
    self.send(msg)
  File "/home/swsok/.local/share/uv/python/cpython-3.12.13-linux-x86_64-gnu/lib/python3.12/http/client.py", line 1057, in send
    self.connect()
  File "/home/swsok/.local/share/uv/python/cpython-3.12.13-linux-x86_64-gnu/lib/python3.12/http/client.py", line 1023, in connect
    self.sock = self._create_connection(
                ^^^^^^^^^^^^^^^^^^^^^^^^
  File "/home/swsok/.local/share/uv/python/cpython-3.12.13-linux-x86_64-gnu/lib/python3.12/socket.py", line 865, in create_connection
    raise exceptions[0]
  File "/home/swsok/.local/share/uv/python/cpython-3.12.13-linux-x86_64-gnu/lib/python3.12/socket.py", line 850, in create_connection
    sock.connect(sa)
ConnectionRefusedError: [Errno 111] Connection refused

During handling of the above exception, another exception occurred:

Traceback (most recent call last):
  File "/home/swsok/heteropilot-graphsearch/experiments/pd_probe/pd_client.py", line 34, in <module>
    d = post(f"{DECODE}/v1/completions",
        ^^^^^^^^^^^^^^^^^^^^^^^^^^^^^^^^
  File "/home/swsok/heteropilot-graphsearch/experiments/pd_probe/pd_client.py", line 18, in post
    with urllib.request.urlopen(req, timeout=180) as r:
         ^^^^^^^^^^^^^^^^^^^^^^^^^^^^^^^^^^^^^^^^
  File "/home/swsok/.local/share/uv/python/cpython-3.12.13-linux-x86_64-gnu/lib/python3.12/urllib/request.py", line 215, in urlopen
    return opener.open(url, data, timeout)
           ^^^^^^^^^^^^^^^^^^^^^^^^^^^^^^^
  File "/home/swsok/.local/share/uv/python/cpython-3.12.13-linux-x86_64-gnu/lib/python3.12/urllib/request.py", line 515, in open
    response = self._open(req, data)
               ^^^^^^^^^^^^^^^^^^^^^
  File "/home/swsok/.local/share/uv/python/cpython-3.12.13-linux-x86_64-gnu/lib/python3.12/urllib/request.py", line 532, in _open
    result = self._call_chain(self.handle_open, protocol, protocol +
             ^^^^^^^^^^^^^^^^^^^^^^^^^^^^^^^^^^^^^^^^^^^^^^^^^^^^^^^
  File "/home/swsok/.local/share/uv/python/cpython-3.12.13-linux-x86_64-gnu/lib/python3.12/urllib/request.py", line 492, in _call_chain
    result = func(*args)
             ^^^^^^^^^^^
  File "/home/swsok/.local/share/uv/python/cpython-3.12.13-linux-x86_64-gnu/lib/python3.12/urllib/request.py", line 1373, in http_open
    return self.do_open(http.client.HTTPConnection, req)
           ^^^^^^^^^^^^^^^^^^^^^^^^^^^^^^^^^^^^^^^^^^^^^
  File "/home/swsok/.local/share/uv/python/cpython-3.12.13-linux-x86_64-gnu/lib/python3.12/urllib/request.py", line 1347, in do_open
    raise URLError(err)
urllib.error.URLError: <urlopen error [Errno 111] Connection refused>
## rep 4
PREFILL_PARAMS {"do_remote_decode": false, "do_remote_prefill": true, "remote_block_ids": [[43, 44, 45, 46, 47, 48, 49, 50, 51, 52, 53, 54, 55, 56]], "remote_engine_id": "8aee4f35-eb00-4f66-8731-053fe0c57f8b", "remote_host": "192.168.210.108", "remote_port": 5600, "remote_request_id": "cmpl-9e74148538899f73-0-a09e
Traceback (most recent call last):
  File "/home/swsok/.local/share/uv/python/cpython-3.12.13-linux-x86_64-gnu/lib/python3.12/urllib/request.py", line 1344, in do_open
    h.request(req.get_method(), req.selector, req.data, headers,
  File "/home/swsok/.local/share/uv/python/cpython-3.12.13-linux-x86_64-gnu/lib/python3.12/http/client.py", line 1358, in request
    self._send_request(method, url, body, headers, encode_chunked)
  File "/home/swsok/.local/share/uv/python/cpython-3.12.13-linux-x86_64-gnu/lib/python3.12/http/client.py", line 1404, in _send_request
    self.endheaders(body, encode_chunked=encode_chunked)
  File "/home/swsok/.local/share/uv/python/cpython-3.12.13-linux-x86_64-gnu/lib/python3.12/http/client.py", line 1353, in endheaders
    self._send_output(message_body, encode_chunked=encode_chunked)
  File "/home/swsok/.local/share/uv/python/cpython-3.12.13-linux-x86_64-gnu/lib/python3.12/http/client.py", line 1113, in _send_output
    self.send(msg)
  File "/home/swsok/.local/share/uv/python/cpython-3.12.13-linux-x86_64-gnu/lib/python3.12/http/client.py", line 1057, in send
    self.connect()
  File "/home/swsok/.local/share/uv/python/cpython-3.12.13-linux-x86_64-gnu/lib/python3.12/http/client.py", line 1023, in connect
    self.sock = self._create_connection(
                ^^^^^^^^^^^^^^^^^^^^^^^^
  File "/home/swsok/.local/share/uv/python/cpython-3.12.13-linux-x86_64-gnu/lib/python3.12/socket.py", line 865, in create_connection
    raise exceptions[0]
  File "/home/swsok/.local/share/uv/python/cpython-3.12.13-linux-x86_64-gnu/lib/python3.12/socket.py", line 850, in create_connection
    sock.connect(sa)
ConnectionRefusedError: [Errno 111] Connection refused

During handling of the above exception, another exception occurred:

Traceback (most recent call last):
  File "/home/swsok/heteropilot-graphsearch/experiments/pd_probe/pd_client.py", line 34, in <module>
    d = post(f"{DECODE}/v1/completions",
        ^^^^^^^^^^^^^^^^^^^^^^^^^^^^^^^^
  File "/home/swsok/heteropilot-graphsearch/experiments/pd_probe/pd_client.py", line 18, in post
    with urllib.request.urlopen(req, timeout=180) as r:
         ^^^^^^^^^^^^^^^^^^^^^^^^^^^^^^^^^^^^^^^^
  File "/home/swsok/.local/share/uv/python/cpython-3.12.13-linux-x86_64-gnu/lib/python3.12/urllib/request.py", line 215, in urlopen
    return opener.open(url, data, timeout)
           ^^^^^^^^^^^^^^^^^^^^^^^^^^^^^^^
  File "/home/swsok/.local/share/uv/python/cpython-3.12.13-linux-x86_64-gnu/lib/python3.12/urllib/request.py", line 515, in open
    response = self._open(req, data)
               ^^^^^^^^^^^^^^^^^^^^^
  File "/home/swsok/.local/share/uv/python/cpython-3.12.13-linux-x86_64-gnu/lib/python3.12/urllib/request.py", line 532, in _open
    result = self._call_chain(self.handle_open, protocol, protocol +
             ^^^^^^^^^^^^^^^^^^^^^^^^^^^^^^^^^^^^^^^^^^^^^^^^^^^^^^^
  File "/home/swsok/.local/share/uv/python/cpython-3.12.13-linux-x86_64-gnu/lib/python3.12/urllib/request.py", line 492, in _call_chain
    result = func(*args)
             ^^^^^^^^^^^
  File "/home/swsok/.local/share/uv/python/cpython-3.12.13-linux-x86_64-gnu/lib/python3.12/urllib/request.py", line 1373, in http_open
    return self.do_open(http.client.HTTPConnection, req)
           ^^^^^^^^^^^^^^^^^^^^^^^^^^^^^^^^^^^^^^^^^^^^^
  File "/home/swsok/.local/share/uv/python/cpython-3.12.13-linux-x86_64-gnu/lib/python3.12/urllib/request.py", line 1347, in do_open
    raise URLError(err)
urllib.error.URLError: <urlopen error [Errno 111] Connection refused>
## rep 5
PREFILL_PARAMS {"do_remote_decode": false, "do_remote_prefill": true, "remote_block_ids": [[57, 58, 59, 60, 61, 62, 63, 64, 65, 66, 67, 68, 69, 70]], "remote_engine_id": "8aee4f35-eb00-4f66-8731-053fe0c57f8b", "remote_host": "192.168.210.108", "remote_port": 5600, "remote_request_id": "cmpl-be1a1c91fe7f291c-0-ae23
Traceback (most recent call last):
  File "/home/swsok/.local/share/uv/python/cpython-3.12.13-linux-x86_64-gnu/lib/python3.12/urllib/request.py", line 1344, in do_open
    h.request(req.get_method(), req.selector, req.data, headers,
  File "/home/swsok/.local/share/uv/python/cpython-3.12.13-linux-x86_64-gnu/lib/python3.12/http/client.py", line 1358, in request
    self._send_request(method, url, body, headers, encode_chunked)
  File "/home/swsok/.local/share/uv/python/cpython-3.12.13-linux-x86_64-gnu/lib/python3.12/http/client.py", line 1404, in _send_request
    self.endheaders(body, encode_chunked=encode_chunked)
  File "/home/swsok/.local/share/uv/python/cpython-3.12.13-linux-x86_64-gnu/lib/python3.12/http/client.py", line 1353, in endheaders
    self._send_output(message_body, encode_chunked=encode_chunked)
  File "/home/swsok/.local/share/uv/python/cpython-3.12.13-linux-x86_64-gnu/lib/python3.12/http/client.py", line 1113, in _send_output
    self.send(msg)
  File "/home/swsok/.local/share/uv/python/cpython-3.12.13-linux-x86_64-gnu/lib/python3.12/http/client.py", line 1057, in send
    self.connect()
  File "/home/swsok/.local/share/uv/python/cpython-3.12.13-linux-x86_64-gnu/lib/python3.12/http/client.py", line 1023, in connect
    self.sock = self._create_connection(
                ^^^^^^^^^^^^^^^^^^^^^^^^
  File "/home/swsok/.local/share/uv/python/cpython-3.12.13-linux-x86_64-gnu/lib/python3.12/socket.py", line 865, in create_connection
    raise exceptions[0]
  File "/home/swsok/.local/share/uv/python/cpython-3.12.13-linux-x86_64-gnu/lib/python3.12/socket.py", line 850, in create_connection
    sock.connect(sa)
ConnectionRefusedError: [Errno 111] Connection refused

During handling of the above exception, another exception occurred:

Traceback (most recent call last):
  File "/home/swsok/heteropilot-graphsearch/experiments/pd_probe/pd_client.py", line 34, in <module>
    d = post(f"{DECODE}/v1/completions",
        ^^^^^^^^^^^^^^^^^^^^^^^^^^^^^^^^
  File "/home/swsok/heteropilot-graphsearch/experiments/pd_probe/pd_client.py", line 18, in post
    with urllib.request.urlopen(req, timeout=180) as r:
         ^^^^^^^^^^^^^^^^^^^^^^^^^^^^^^^^^^^^^^^^
  File "/home/swsok/.local/share/uv/python/cpython-3.12.13-linux-x86_64-gnu/lib/python3.12/urllib/request.py", line 215, in urlopen
    return opener.open(url, data, timeout)
           ^^^^^^^^^^^^^^^^^^^^^^^^^^^^^^^
  File "/home/swsok/.local/share/uv/python/cpython-3.12.13-linux-x86_64-gnu/lib/python3.12/urllib/request.py", line 515, in open
    response = self._open(req, data)
               ^^^^^^^^^^^^^^^^^^^^^
  File "/home/swsok/.local/share/uv/python/cpython-3.12.13-linux-x86_64-gnu/lib/python3.12/urllib/request.py", line 532, in _open
    result = self._call_chain(self.handle_open, protocol, protocol +
             ^^^^^^^^^^^^^^^^^^^^^^^^^^^^^^^^^^^^^^^^^^^^^^^^^^^^^^^
  File "/home/swsok/.local/share/uv/python/cpython-3.12.13-linux-x86_64-gnu/lib/python3.12/urllib/request.py", line 492, in _call_chain
    result = func(*args)
             ^^^^^^^^^^^
  File "/home/swsok/.local/share/uv/python/cpython-3.12.13-linux-x86_64-gnu/lib/python3.12/urllib/request.py", line 1373, in http_open
    return self.do_open(http.client.HTTPConnection, req)
           ^^^^^^^^^^^^^^^^^^^^^^^^^^^^^^^^^^^^^^^^^^^^^
  File "/home/swsok/.local/share/uv/python/cpython-3.12.13-linux-x86_64-gnu/lib/python3.12/urllib/request.py", line 1347, in do_open
    raise URLError(err)
urllib.error.URLError: <urlopen error [Errno 111] Connection refused>
## rep 6
PREFILL_PARAMS {"do_remote_decode": false, "do_remote_prefill": true, "remote_block_ids": [[71, 72, 73, 74, 75, 76, 77, 78, 79, 80, 81, 82, 83, 84]], "remote_engine_id": "8aee4f35-eb00-4f66-8731-053fe0c57f8b", "remote_host": "192.168.210.108", "remote_port": 5600, "remote_request_id": "cmpl-89dba5d0aa1db184-0-bf54
Traceback (most recent call last):
  File "/home/swsok/.local/share/uv/python/cpython-3.12.13-linux-x86_64-gnu/lib/python3.12/urllib/request.py", line 1344, in do_open
    h.request(req.get_method(), req.selector, req.data, headers,
  File "/home/swsok/.local/share/uv/python/cpython-3.12.13-linux-x86_64-gnu/lib/python3.12/http/client.py", line 1358, in request
    self._send_request(method, url, body, headers, encode_chunked)
  File "/home/swsok/.local/share/uv/python/cpython-3.12.13-linux-x86_64-gnu/lib/python3.12/http/client.py", line 1404, in _send_request
    self.endheaders(body, encode_chunked=encode_chunked)
  File "/home/swsok/.local/share/uv/python/cpython-3.12.13-linux-x86_64-gnu/lib/python3.12/http/client.py", line 1353, in endheaders
    self._send_output(message_body, encode_chunked=encode_chunked)
  File "/home/swsok/.local/share/uv/python/cpython-3.12.13-linux-x86_64-gnu/lib/python3.12/http/client.py", line 1113, in _send_output
    self.send(msg)
  File "/home/swsok/.local/share/uv/python/cpython-3.12.13-linux-x86_64-gnu/lib/python3.12/http/client.py", line 1057, in send
    self.connect()
  File "/home/swsok/.local/share/uv/python/cpython-3.12.13-linux-x86_64-gnu/lib/python3.12/http/client.py", line 1023, in connect
    self.sock = self._create_connection(
                ^^^^^^^^^^^^^^^^^^^^^^^^
  File "/home/swsok/.local/share/uv/python/cpython-3.12.13-linux-x86_64-gnu/lib/python3.12/socket.py", line 865, in create_connection
    raise exceptions[0]
  File "/home/swsok/.local/share/uv/python/cpython-3.12.13-linux-x86_64-gnu/lib/python3.12/socket.py", line 850, in create_connection
    sock.connect(sa)
ConnectionRefusedError: [Errno 111] Connection refused

During handling of the above exception, another exception occurred:

Traceback (most recent call last):
  File "/home/swsok/heteropilot-graphsearch/experiments/pd_probe/pd_client.py", line 34, in <module>
    d = post(f"{DECODE}/v1/completions",
        ^^^^^^^^^^^^^^^^^^^^^^^^^^^^^^^^
  File "/home/swsok/heteropilot-graphsearch/experiments/pd_probe/pd_client.py", line 18, in post
    with urllib.request.urlopen(req, timeout=180) as r:
         ^^^^^^^^^^^^^^^^^^^^^^^^^^^^^^^^^^^^^^^^
  File "/home/swsok/.local/share/uv/python/cpython-3.12.13-linux-x86_64-gnu/lib/python3.12/urllib/request.py", line 215, in urlopen
    return opener.open(url, data, timeout)
           ^^^^^^^^^^^^^^^^^^^^^^^^^^^^^^^
  File "/home/swsok/.local/share/uv/python/cpython-3.12.13-linux-x86_64-gnu/lib/python3.12/urllib/request.py", line 515, in open
    response = self._open(req, data)
               ^^^^^^^^^^^^^^^^^^^^^
  File "/home/swsok/.local/share/uv/python/cpython-3.12.13-linux-x86_64-gnu/lib/python3.12/urllib/request.py", line 532, in _open
    result = self._call_chain(self.handle_open, protocol, protocol +
             ^^^^^^^^^^^^^^^^^^^^^^^^^^^^^^^^^^^^^^^^^^^^^^^^^^^^^^^
  File "/home/swsok/.local/share/uv/python/cpython-3.12.13-linux-x86_64-gnu/lib/python3.12/urllib/request.py", line 492, in _call_chain
    result = func(*args)
             ^^^^^^^^^^^
  File "/home/swsok/.local/share/uv/python/cpython-3.12.13-linux-x86_64-gnu/lib/python3.12/urllib/request.py", line 1373, in http_open
    return self.do_open(http.client.HTTPConnection, req)
           ^^^^^^^^^^^^^^^^^^^^^^^^^^^^^^^^^^^^^^^^^^^^^
  File "/home/swsok/.local/share/uv/python/cpython-3.12.13-linux-x86_64-gnu/lib/python3.12/urllib/request.py", line 1347, in do_open
    raise URLError(err)
urllib.error.URLError: <urlopen error [Errno 111] Connection refused>
