healthy=yes after 8x5s
## rep 1
PREFILL_PARAMS {"do_remote_decode": false, "do_remote_prefill": true, "remote_block_ids": [[1, 2, 3, 4, 5, 6, 7, 8, 9, 10, 11, 12, 13, 14]], "remote_engine_id": "b46ef5ec-d4bd-4c3e-b570-4ac727e7f638", "remote_host": "192.168.210.108", "remote_port": 5600, "remote_request_id": "cmpl-912162719efe9ea2-0-93bbf6c9", "t
PREFILL_S 0.113  DECODE_S 0.938
COMPLETION "The InfiniBand fabric connecting these two nodes carriesThe InfiniBand fabric connecting these two nodes carriesThe InfiniBand fabric connecting these two nodes"
PD_OK
## rep 2
PREFILL_PARAMS {"do_remote_decode": false, "do_remote_prefill": true, "remote_block_ids": [[15, 16, 17, 18, 19, 20, 21, 22, 23, 24, 25, 26, 27, 28]], "remote_engine_id": "b46ef5ec-d4bd-4c3e-b570-4ac727e7f638", "remote_host": "192.168.210.108", "remote_port": 5600, "remote_request_id": "cmpl-9645858657830a95-0-91c0
PREFILL_S 0.123  DECODE_S 0.755
COMPLETION "The InfiniBand fabric connecting these two nodes carriesThe InfiniBand fabric connecting these two nodes carriesThe InfiniBand fabric connecting these two nodes"
PD_OK
## rep 3
PREFILL_PARAMS {"do_remote_decode": false, "do_remote_prefill": true, "remote_block_ids": [[29, 30, 31, 32, 33, 34, 35, 36, 37, 38, 39, 40, 41, 42]], "remote_engine_id": "b46ef5ec-d4bd-4c3e-b570-4ac727e7f638", "remote_host": "192.168.210.108", "remote_port": 5600, "remote_request_id": "cmpl-94f98cf587ab6d67-0-bbc4
PREFILL_S 0.142  DECODE_S 0.753
COMPLETION "The InfiniBand fabric connecting these two nodes carriesThe InfiniBand fabric connecting these two nodes carriesThe InfiniBand fabric connecting these two nodes"
PD_OK
## rep 4
PREFILL_PARAMS {"do_remote_decode": false, "do_remote_prefill": true, "remote_block_ids": [[43, 44, 45, 46, 47, 48, 49, 50, 51, 52, 53, 54, 55, 56]], "remote_engine_id": "b46ef5ec-d4bd-4c3e-b570-4ac727e7f638", "remote_host": "192.168.210.108", "remote_port": 5600, "remote_request_id": "cmpl-8401c7f0e2ea07c2-0-975d
PREFILL_S 0.135  DECODE_S 0.754
COMPLETION "The InfiniBand fabric connecting these two nodes carriesThe InfiniBand fabric connecting these two nodes carriesThe InfiniBand fabric connecting these two nodes"
PD_OK
## rep 5
PREFILL_PARAMS {"do_remote_decode": false, "do_remote_prefill": true, "remote_block_ids": [[57, 58, 59, 60, 61, 62, 63, 64, 65, 66, 67, 68, 69, 70]], "remote_engine_id": "b46ef5ec-d4bd-4c3e-b570-4ac727e7f638", "remote_host": "192.168.210.108", "remote_port": 5600, "remote_request_id": "cmpl-8cdaaa1844736eac-0-9b0f
PREFILL_S 0.087  DECODE_S 0.756
COMPLETION "The InfiniBand fabric connecting these two nodes carriesThe InfiniBand fabric connecting these two nodes carriesThe InfiniBand fabric connecting these two nodes"
PD_OK
## rep 6
PREFILL_PARAMS {"do_remote_decode": false, "do_remote_prefill": true, "remote_block_ids": [[71, 72, 73, 74, 75, 76, 77, 78, 79, 80, 81, 82, 83, 84]], "remote_engine_id": "b46ef5ec-d4bd-4c3e-b570-4ac727e7f638", "remote_host": "192.168.210.108", "remote_port": 5600, "remote_request_id": "cmpl-a58f16d6a2764b29-0-a713
PREFILL_S 0.128  DECODE_S 0.755
COMPLETION "The InfiniBand fabric connecting these two nodes carriesThe InfiniBand fabric connecting these two nodes carriesThe InfiniBand fabric connecting these two nodes"
PD_OK
