healthy=yes after 7x5s
## rep 1
PREFILL_PARAMS {"do_remote_decode": false, "do_remote_prefill": true, "remote_block_ids": [[1, 2, 3, 4, 5, 6, 7, 8, 9, 10, 11, 12, 13, 14]], "remote_engine_id": "046e47cc-81a7-47c9-952d-9faf2acfbe64", "remote_host": "192.168.210.108", "remote_port": 5600, "remote_request_id": "cmpl-932a8dd5d5199cc1-0-8888f134", "t
PREFILL_S 0.087  DECODE_S 0.938
COMPLETION "The InfiniBand fabric connecting these two nodes carriesThe InfiniBand fabric connecting these two nodes carriesThe InfiniBand fabric connecting these two nodes"
PD_OK
## rep 2
PREFILL_PARAMS {"do_remote_decode": false, "do_remote_prefill": true, "remote_block_ids": [[15, 16, 17, 18, 19, 20, 21, 22, 23, 24, 25, 26, 27, 28]], "remote_engine_id": "046e47cc-81a7-47c9-952d-9faf2acfbe64", "remote_host": "192.168.210.108", "remote_port": 5600, "remote_request_id": "cmpl-84f86940b18a4713-0-aeb3
PREFILL_S 0.056  DECODE_S 0.773
COMPLETION "The InfiniBand fabric connecting these two nodes carriesThe InfiniBand fabric connecting these two nodes carriesThe InfiniBand fabric connecting these two nodes"
PD_OK
## rep 3
PREFILL_PARAMS {"do_remote_decode": false, "do_remote_prefill": true, "remote_block_ids": [[29, 30, 31, 32, 33, 34, 35, 36, 37, 38, 39, 40, 41, 42]], "remote_engine_id": "046e47cc-81a7-47c9-952d-9faf2acfbe64", "remote_host": "192.168.210.108", "remote_port": 5600, "remote_request_id": "cmpl-9be7f24bf213ded1-0-8441
PREFILL_S 0.056  DECODE_S 0.773
COMPLETION "The InfiniBand fabric connecting these two nodes carriesThe InfiniBand fabric connecting these two nodes carriesThe InfiniBand fabric connecting these two nodes"
PD_OK
## rep 4
PREFILL_PARAMS {"do_remote_decode": false, "do_remote_prefill": true, "remote_block_ids": [[43, 44, 45, 46, 47, 48, 49, 50, 51, 52, 53, 54, 55, 56]], "remote_engine_id": "046e47cc-81a7-47c9-952d-9faf2acfbe64", "remote_host": "192.168.210.108", "remote_port": 5600, "remote_request_id": "cmpl-b227f4b285b363a7-0-8833
PREFILL_S 0.055  DECODE_S 0.772
COMPLETION "The InfiniBand fabric connecting these two nodes carriesThe InfiniBand fabric connecting these two nodes carriesThe InfiniBand fabric connecting these two nodes"
PD_OK
## rep 5
PREFILL_PARAMS {"do_remote_decode": false, "do_remote_prefill": true, "remote_block_ids": [[57, 58, 59, 60, 61, 62, 63, 64, 65, 66, 67, 68, 69, 70]], "remote_engine_id": "046e47cc-81a7-47c9-952d-9faf2acfbe64", "remote_host": "192.168.210.108", "remote_port": 5600, "remote_request_id": "cmpl-b72088044c49c2ee-0-a12e
PREFILL_S 0.056  DECODE_S 0.773
COMPLETION "The InfiniBand fabric connecting these two nodes carriesThe InfiniBand fabric connecting these two nodes carriesThe InfiniBand fabric connecting these two nodes"
PD_OK
## rep 6
PREFILL_PARAMS {"do_remote_decode": false, "do_remote_prefill": true, "remote_block_ids": [[71, 72, 73, 74, 75, 76, 77, 78, 79, 80, 81, 82, 83, 84]], "remote_engine_id": "046e47cc-81a7-47c9-952d-9faf2acfbe64", "remote_host": "192.168.210.108", "remote_port": 5600, "remote_request_id": "cmpl-9caa10ba9f79a6c9-0-98a6
PREFILL_S 0.056  DECODE_S 0.773
COMPLETION "The InfiniBand fabric connecting these two nodes carriesThe InfiniBand fabric connecting these two nodes carriesThe InfiniBand fabric connecting these two nodes"
PD_OK
