healthy=yes after 8x5s
## rep 1
PREFILL_PARAMS {"do_remote_decode": false, "do_remote_prefill": true, "remote_block_ids": [[1, 2, 3, 4, 5, 6, 7, 8, 9, 10, 11, 12, 13, 14]], "remote_engine_id": "4bd243d4-42bf-44b7-94be-45806a85fbd7", "remote_host": "192.168.210.108", "remote_port": 5600, "remote_request_id": "cmpl-b77fd752bfacb364-0-97d6ea69", "t
PREFILL_S 0.186  DECODE_S 0.952
COMPLETION "The InfiniBand fabric connecting these two nodes carriesThe InfiniBand fabric connecting these two nodes carriesThe InfiniBand fabric connecting these two nodes"
PD_OK
## rep 2
PREFILL_PARAMS {"do_remote_decode": false, "do_remote_prefill": true, "remote_block_ids": [[15, 16, 17, 18, 19, 20, 21, 22, 23, 24, 25, 26, 27, 28]], "remote_engine_id": "4bd243d4-42bf-44b7-94be-45806a85fbd7", "remote_host": "192.168.210.108", "remote_port": 5600, "remote_request_id": "cmpl-8cc17f51fbe4bae2-0-89d9
PREFILL_S 0.127  DECODE_S 0.784
COMPLETION "The InfiniBand fabric connecting these two nodes carriesThe InfiniBand fabric connecting these two nodes carriesThe InfiniBand fabric connecting these two nodes"
PD_OK
## rep 3
PREFILL_PARAMS {"do_remote_decode": false, "do_remote_prefill": true, "remote_block_ids": [[29, 30, 31, 32, 33, 34, 35, 36, 37, 38, 39, 40, 41, 42]], "remote_engine_id": "4bd243d4-42bf-44b7-94be-45806a85fbd7", "remote_host": "192.168.210.108", "remote_port": 5600, "remote_request_id": "cmpl-aa49fb04490dcf37-0-beb1
PREFILL_S 0.083  DECODE_S 0.780
COMPLETION "The InfiniBand fabric connecting these two nodes carriesThe InfiniBand fabric connecting these two nodes carriesThe InfiniBand fabric connecting these two nodes"
PD_OK
## rep 4
PREFILL_PARAMS {"do_remote_decode": false, "do_remote_prefill": true, "remote_block_ids": [[43, 44, 45, 46, 47, 48, 49, 50, 51, 52, 53, 54, 55, 56]], "remote_engine_id": "4bd243d4-42bf-44b7-94be-45806a85fbd7", "remote_host": "192.168.210.108", "remote_port": 5600, "remote_request_id": "cmpl-9a2f3f0ed0a9eebf-0-8f7c
PREFILL_S 0.152  DECODE_S 0.784
COMPLETION "The InfiniBand fabric connecting these two nodes carriesThe InfiniBand fabric connecting these two nodes carriesThe InfiniBand fabric connecting these two nodes"
PD_OK
## rep 5
PREFILL_PARAMS {"do_remote_decode": false, "do_remote_prefill": true, "remote_block_ids": [[57, 58, 59, 60, 61, 62, 63, 64, 65, 66, 67, 68, 69, 70]], "remote_engine_id": "4bd243d4-42bf-44b7-94be-45806a85fbd7", "remote_host": "192.168.210.108", "remote_port": 5600, "remote_request_id": "cmpl-ab67ffe97c311c67-0-9cb2
PREFILL_S 0.124  DECODE_S 0.784
COMPLETION "The InfiniBand fabric connecting these two nodes carriesThe InfiniBand fabric connecting these two nodes carriesThe InfiniBand fabric connecting these two nodes"
PD_OK
## rep 6
PREFILL_PARAMS {"do_remote_decode": false, "do_remote_prefill": true, "remote_block_ids": [[71, 72, 73, 74, 75, 76, 77, 78, 79, 80, 81, 82, 83, 84]], "remote_engine_id": "4bd243d4-42bf-44b7-94be-45806a85fbd7", "remote_host": "192.168.210.108", "remote_port": 5600, "remote_request_id": "cmpl-863bfbb254a06aa6-0-ae4a
PREFILL_S 0.114  DECODE_S 0.787
COMPLETION "The InfiniBand fabric connecting these two nodes carriesThe InfiniBand fabric connecting these two nodes carriesThe InfiniBand fabric connecting these two nodes"
PD_OK
