healthy=yes after 8x5s
## rep 1
PREFILL_PARAMS {"do_remote_decode": false, "do_remote_prefill": true, "remote_block_ids": [[1, 2, 3, 4, 5, 6, 7, 8, 9, 10, 11, 12, 13, 14]], "remote_engine_id": "7402c5f9-58bc-46b8-8584-93396ed27caf", "remote_host": "192.168.210.111", "remote_port": 5700, "remote_request_id": "cmpl-a1d4ddb96bb20c2d-0-a78420fc", "t
PREFILL_S 0.108  DECODE_S 1.093
COMPLETION "The InfiniBand fabric connecting these two nodes carriesThe InfiniBand fabric connecting these two nodes carriesThe InfiniBand fabric connecting these two nodes"
PD_OK
## rep 2
PREFILL_PARAMS {"do_remote_decode": false, "do_remote_prefill": true, "remote_block_ids": [[15, 16, 17, 18, 19, 20, 21, 22, 23, 24, 25, 26, 27, 28]], "remote_engine_id": "7402c5f9-58bc-46b8-8584-93396ed27caf", "remote_host": "192.168.210.111", "remote_port": 5700, "remote_request_id": "cmpl-ac69ab9cbd079842-0-86a1
PREFILL_S 0.079  DECODE_S 0.968
COMPLETION "The InfiniBand fabric connecting these two nodes carriesThe InfiniBand fabric connecting these two nodes carriesThe InfiniBand fabric connecting these two nodes"
PD_OK
## rep 3
PREFILL_PARAMS {"do_remote_decode": false, "do_remote_prefill": true, "remote_block_ids": [[29, 30, 31, 32, 33, 34, 35, 36, 37, 38, 39, 40, 41, 42]], "remote_engine_id": "7402c5f9-58bc-46b8-8584-93396ed27caf", "remote_host": "192.168.210.111", "remote_port": 5700, "remote_request_id": "cmpl-86a9be3678b06809-0-b191
PREFILL_S 0.075  DECODE_S 0.932
COMPLETION "The InfiniBand fabric connecting these two nodes carriesThe InfiniBand fabric connecting these two nodes carriesThe InfiniBand fabric connecting these two nodes"
PD_OK
## rep 4
PREFILL_PARAMS {"do_remote_decode": false, "do_remote_prefill": true, "remote_block_ids": [[43, 44, 45, 46, 47, 48, 49, 50, 51, 52, 53, 54, 55, 56]], "remote_engine_id": "7402c5f9-58bc-46b8-8584-93396ed27caf", "remote_host": "192.168.210.111", "remote_port": 5700, "remote_request_id": "cmpl-abdebf1211b39e9b-0-881b
PREFILL_S 0.076  DECODE_S 0.929
COMPLETION "The InfiniBand fabric connecting these two nodes carriesThe InfiniBand fabric connecting these two nodes carriesThe InfiniBand fabric connecting these two nodes"
PD_OK
## rep 5
PREFILL_PARAMS {"do_remote_decode": false, "do_remote_prefill": true, "remote_block_ids": [[57, 58, 59, 60, 61, 62, 63, 64, 65, 66, 67, 68, 69, 70]], "remote_engine_id": "7402c5f9-58bc-46b8-8584-93396ed27caf", "remote_host": "192.168.210.111", "remote_port": 5700, "remote_request_id": "cmpl-91d3011d4b31cb6e-0-b4e5
PREFILL_S 0.074  DECODE_S 0.930
COMPLETION "The InfiniBand fabric connecting these two nodes carriesThe InfiniBand fabric connecting these two nodes carriesThe InfiniBand fabric connecting these two nodes"
PD_OK
## rep 6
PREFILL_PARAMS {"do_remote_decode": false, "do_remote_prefill": true, "remote_block_ids": [[71, 72, 73, 74, 75, 76, 77, 78, 79, 80, 81, 82, 83, 84]], "remote_engine_id": "7402c5f9-58bc-46b8-8584-93396ed27caf", "remote_host": "192.168.210.111", "remote_port": 5700, "remote_request_id": "cmpl-9942cd711a71c79f-0-86b5
PREFILL_S 0.078  DECODE_S 0.927
COMPLETION "The InfiniBand fabric connecting these two nodes carriesThe InfiniBand fabric connecting these two nodes carriesThe InfiniBand fabric connecting these two nodes"
PD_OK
