healthy=yes after 8x5s
## rep 1
PREFILL_PARAMS {"do_remote_decode": false, "do_remote_prefill": true, "remote_block_ids": [[1, 2, 3, 4, 5, 6, 7, 8, 9, 10, 11, 12, 13, 14]], "remote_engine_id": "14531979-7b3b-4e16-ac33-f746f2c5b1ee", "remote_host": "192.168.210.112", "remote_port": 5700, "remote_request_id": "cmpl-9753a8b8cf5aa83d-0-962ae2fe", "t
PREFILL_S 0.103  DECODE_S 1.027
COMPLETION "The InfiniBand fabric connecting these two nodes carriesThe InfiniBand fabric connecting these two nodes carriesThe InfiniBand fabric connecting these two nodes"
PD_OK
## rep 2
PREFILL_PARAMS {"do_remote_decode": false, "do_remote_prefill": true, "remote_block_ids": [[15, 16, 17, 18, 19, 20, 21, 22, 23, 24, 25, 26, 27, 28]], "remote_engine_id": "14531979-7b3b-4e16-ac33-f746f2c5b1ee", "remote_host": "192.168.210.112", "remote_port": 5700, "remote_request_id": "cmpl-adb06d1615bb5cde-0-8ee3
PREFILL_S 0.063  DECODE_S 0.920
COMPLETION "The InfiniBand fabric connecting these two nodes carriesThe InfiniBand fabric connecting these two nodes carriesThe InfiniBand fabric connecting these two nodes"
PD_OK
## rep 3
PREFILL_PARAMS {"do_remote_decode": false, "do_remote_prefill": true, "remote_block_ids": [[29, 30, 31, 32, 33, 34, 35, 36, 37, 38, 39, 40, 41, 42]], "remote_engine_id": "14531979-7b3b-4e16-ac33-f746f2c5b1ee", "remote_host": "192.168.210.112", "remote_port": 5700, "remote_request_id": "cmpl-9a684ace102df8eb-0-8dd3
PREFILL_S 0.061  DECODE_S 0.918
COMPLETION "The InfiniBand fabric connecting these two nodes carriesThe InfiniBand fabric connecting these two nodes carriesThe InfiniBand fabric connecting these two nodes"
PD_OK
## rep 4
PREFILL_PARAMS {"do_remote_decode": false, "do_remote_prefill": true, "remote_block_ids": [[43, 44, 45, 46, 47, 48, 49, 50, 51, 52, 53, 54, 55, 56]], "remote_engine_id": "14531979-7b3b-4e16-ac33-f746f2c5b1ee", "remote_host": "192.168.210.112", "remote_port": 5700, "remote_request_id": "cmpl-83f6ba53b514117e-0-9cf2
PREFILL_S 0.062  DECODE_S 0.919
COMPLETION "The InfiniBand fabric connecting these two nodes carriesThe InfiniBand fabric connecting these two nodes carriesThe InfiniBand fabric connecting these two nodes"
PD_OK
## rep 5
PREFILL_PARAMS {"do_remote_decode": false, "do_remote_prefill": true, "remote_block_ids": [[57, 58, 59, 60, 61, 62, 63, 64, 65, 66, 67, 68, 69, 70]], "remote_engine_id": "14531979-7b3b-4e16-ac33-f746f2c5b1ee", "remote_host": "192.168.210.112", "remote_port": 5700, "remote_request_id": "cmpl-904d2b87d90586c9-0-9600
PREFILL_S 0.063  DECODE_S 0.919
COMPLETION "The InfiniBand fabric connecting these two nodes carriesThe InfiniBand fabric connecting these two nodes carriesThe InfiniBand fabric connecting these two nodes"
PD_OK
## rep 6
PREFILL_PARAMS {"do_remote_decode": false, "do_remote_prefill": true, "remote_block_ids": [[71, 72, 73, 74, 75, 76, 77, 78, 79, 80, 81, 82, 83, 84]], "remote_engine_id": "14531979-7b3b-4e16-ac33-f746f2c5b1ee", "remote_host": "192.168.210.112", "remote_port": 5700, "remote_request_id": "cmpl-a09d959f3fc1b1d9-0-ab47
PREFILL_S 0.062  DECODE_S 0.919
COMPLETION "The InfiniBand fabric connecting these two nodes carriesThe InfiniBand fabric connecting these two nodes carriesThe InfiniBand fabric connecting these two nodes"
PD_OK
