healthy=yes after 8x5s
## rep 1
PREFILL_PARAMS {"do_remote_decode": false, "do_remote_prefill": true, "remote_block_ids": [[1, 2, 3, 4, 5, 6, 7, 8, 9, 10, 11, 12, 13, 14]], "remote_engine_id": "3aa465d7-8cac-4109-8b9a-c5c862da95e4", "remote_host": "192.168.210.112", "remote_port": 5700, "remote_request_id": "cmpl-8ac314f9808a55fb-0-a169ad44", "t
PREFILL_S 0.088  DECODE_S 1.034
COMPLETION "The InfiniBand fabric connecting these two nodes carriesThe InfiniBand fabric connecting these two nodes carriesThe InfiniBand fabric connecting these two nodes"
PD_OK
## rep 2
PREFILL_PARAMS {"do_remote_decode": false, "do_remote_prefill": true, "remote_block_ids": [[15, 16, 17, 18, 19, 20, 21, 22, 23, 24, 25, 26, 27, 28]], "remote_engine_id": "3aa465d7-8cac-4109-8b9a-c5c862da95e4", "remote_host": "192.168.210.112", "remote_port": 5700, "remote_request_id": "cmpl-9486ed94c6046acb-0-93c2
PREFILL_S 0.072  DECODE_S 0.927
COMPLETION "The InfiniBand fabric connecting these two nodes carriesThe InfiniBand fabric connecting these two nodes carriesThe InfiniBand fabric connecting these two nodes"
PD_OK
## rep 3
PREFILL_PARAMS {"do_remote_decode": false, "do_remote_prefill": true, "remote_block_ids": [[29, 30, 31, 32, 33, 34, 35, 36, 37, 38, 39, 40, 41, 42]], "remote_engine_id": "3aa465d7-8cac-4109-8b9a-c5c862da95e4", "remote_host": "192.168.210.112", "remote_port": 5700, "remote_request_id": "cmpl-a44c4fdaa5b2de1d-0-a2ad
PREFILL_S 0.070  DECODE_S 0.927
COMPLETION "The InfiniBand fabric connecting these two nodes carriesThe InfiniBand fabric connecting these two nodes carriesThe InfiniBand fabric connecting these two nodes"
PD_OK
## rep 4
PREFILL_PARAMS {"do_remote_decode": false, "do_remote_prefill": true, "remote_block_ids": [[43, 44, 45, 46, 47, 48, 49, 50, 51, 52, 53, 54, 55, 56]], "remote_engine_id": "3aa465d7-8cac-4109-8b9a-c5c862da95e4", "remote_host": "192.168.210.112", "remote_port": 5700, "remote_request_id": "cmpl-97ab2dd7400b12d0-0-8d5f
PREFILL_S 0.072  DECODE_S 0.926
COMPLETION "The InfiniBand fabric connecting these two nodes carriesThe InfiniBand fabric connecting these two nodes carriesThe InfiniBand fabric connecting these two nodes"
PD_OK
## rep 5
PREFILL_PARAMS {"do_remote_decode": false, "do_remote_prefill": true, "remote_block_ids": [[57, 58, 59, 60, 61, 62, 63, 64, 65, 66, 67, 68, 69, 70]], "remote_engine_id": "3aa465d7-8cac-4109-8b9a-c5c862da95e4", "remote_host": "192.168.210.112", "remote_port": 5700, "remote_request_id": "cmpl-bc079b8afa2e5e44-0-9400
PREFILL_S 0.072  DECODE_S 0.925
COMPLETION "The InfiniBand fabric connecting these two nodes carriesThe InfiniBand fabric connecting these two nodes carriesThe InfiniBand fabric connecting these two nodes"
PD_OK
## rep 6
PREFILL_PARAMS {"do_remote_decode": false, "do_remote_prefill": true, "remote_block_ids": [[71, 72, 73, 74, 75, 76, 77, 78, 79, 80, 81, 82, 83, 84]], "remote_engine_id": "3aa465d7-8cac-4109-8b9a-c5c862da95e4", "remote_host": "192.168.210.112", "remote_port": 5700, "remote_request_id": "cmpl-9052485792f605d8-0-98d7
PREFILL_S 0.074  DECODE_S 0.924
COMPLETION "The InfiniBand fabric connecting these two nodes carriesThe InfiniBand fabric connecting these two nodes carriesThe InfiniBand fabric connecting these two nodes"
PD_OK
