[1791529481.900355] [a5000-2:667667:0]   +--------------------------+-------------------------------------------------------------+
[1791529481.900359] [a5000-2:667667:0]   | ucp_context_0 self cfg#0 | remote memory write by ucp_put* from host memory to host    |
[1791529481.900360] [a5000-2:667667:0]   +--------------------------+--------------------------------------------+----------------+
[1791529481.900360] [a5000-2:667667:0]   |            0..4294967295 | short                                      | cuda_copy/cuda |
[1791529481.900361] [a5000-2:667667:0]   +--------------------------+--------------------------------------------+----------------+
[1791529481.900387] [a5000-2:667667:0]   +--------------------------+------------------------------------------------------------------------------+
[1791529481.900388] [a5000-2:667667:0]   | ucp_context_0 self cfg#0 | remote memory write by ucp_put*(fast-completion) from host memory to host    |
[1791529481.900389] [a5000-2:667667:0]   +--------------------------+-------------------------------------------------------------+----------------+
[1791529481.900389] [a5000-2:667667:0]   |            0..4294967295 | short                                                       | cuda_copy/cuda |
[1791529481.900389] [a5000-2:667667:0]   +--------------------------+-------------------------------------------------------------+----------------+
[1791529481.900414] [a5000-2:667667:0]   +--------------------------+--------------------------------------------------------------------+
[1791529481.900414] [a5000-2:667667:0]   | ucp_context_0 self cfg#0 | remote memory write by ucp_put*(multi) from host memory to host    |
[1791529481.900415] [a5000-2:667667:0]   +--------------------------+---------------------------------------------------+----------------+
[1791529481.900415] [a5000-2:667667:0]   |            0..4294967295 | short                                             | cuda_copy/cuda |
[1791529481.900416] [a5000-2:667667:0]   +--------------------------+---------------------------------------------------+----------------+
[1791529481.900457] [a5000-2:667667:0]   +--------------------------+----------------------------------------------------+
[1791529481.900458] [a5000-2:667667:0]   | ucp_context_0 self cfg#0 | active message by ucp_am_send* from host memory    |
[1791529481.900458] [a5000-2:667667:0]   +--------------------------+-------------------------------------------------+--+
[1791529481.900459] [a5000-2:667667:0]   +--------------------------+-------------------------------------------------+--+
[1791529481.900472] [a5000-2:667667:0]   +--------------------------+--------------------------------------------------------------------+
[1791529481.900472] [a5000-2:667667:0]   | ucp_context_0 self cfg#0 | active message by ucp_am_send* with reply flag from host memory    |
[1791529481.900473] [a5000-2:667667:0]   +--------------------------+-----------------------------------------------------------------+--+
[1791529481.900473] [a5000-2:667667:0]   +--------------------------+-----------------------------------------------------------------+--+
[1791529481.905174] [a5000-2:667667:0]   +--------------------------+-------------------------------------------------------------+
[1791529481.905176] [a5000-2:667667:0]   | ucp_context_0 self cfg#1 | remote memory write by ucp_put* from host memory to host    |
[1791529481.905177] [a5000-2:667667:0]   +--------------------------+-------------+-----------------------------------------------+
[1791529481.905177] [a5000-2:667667:0]   |                    0..2K | short       | rc_mlx5/mlx5_1:1                              |
[1791529481.905178] [a5000-2:667667:0]   |               2049..2559 | copy-in     | rc_mlx5/mlx5_1:1                              |
[1791529481.905178] [a5000-2:667667:0]   |                2560..inf | zero-copy   | 38% on rc_mlx5/mlx5_1:1 and 62% on cma/memory |
[1791529481.905178] [a5000-2:667667:0]   +--------------------------+-------------+-----------------------------------------------+
[1791529481.905273] [a5000-2:667667:0]   +--------------------------+------------------------------------------------------------------------------+
[1791529481.905280] [a5000-2:667667:0]   | ucp_context_0 self cfg#1 | remote memory write by ucp_put*(fast-completion) from host memory to host    |
[1791529481.905281] [a5000-2:667667:0]   +--------------------------+------------------------------+-----------------------------------------------+
[1791529481.905281] [a5000-2:667667:0]   |                    0..2K | short                        | rc_mlx5/mlx5_1:1                              |
[1791529481.905282] [a5000-2:667667:0]   |              2049..17229 | copy-in                      | rc_mlx5/mlx5_1:1                              |
[1791529481.905282] [a5000-2:667667:0]   |               17230..inf | zero-copy                    | 38% on rc_mlx5/mlx5_1:1 and 62% on cma/memory |
[1791529481.905283] [a5000-2:667667:0]   +--------------------------+------------------------------+-----------------------------------------------+
[1791529481.905358] [a5000-2:667667:0]   +--------------------------+--------------------------------------------------------------------+
[1791529481.905358] [a5000-2:667667:0]   | ucp_context_0 self cfg#1 | remote memory write by ucp_put*(multi) from host memory to host    |
[1791529481.905359] [a5000-2:667667:0]   +--------------------------+--------------------+-----------------------------------------------+
[1791529481.905359] [a5000-2:667667:0]   |                    0..2K | short              | rc_mlx5/mlx5_1:1                              |
[1791529481.905360] [a5000-2:667667:0]   |               2049..4221 | copy-in            | rc_mlx5/mlx5_1:1                              |
[1791529481.905360] [a5000-2:667667:0]   |                4222..inf | zero-copy          | 38% on rc_mlx5/mlx5_1:1 and 62% on cma/memory |
[1791529481.905360] [a5000-2:667667:0]   +--------------------------+--------------------+-----------------------------------------------+
[1791529481.905623] [a5000-2:667667:0]   +--------------------------+----------------------------------------------------+
[1791529481.905624] [a5000-2:667667:0]   | ucp_context_0 self cfg#1 | active message by ucp_am_send* from host memory    |
[1791529481.905625] [a5000-2:667667:0]   +--------------------------+---------------------------------+------------------+
[1791529481.905625] [a5000-2:667667:0]   |                  0..2038 | short                           | rc_mlx5/mlx5_1:1 |
[1791529481.905625] [a5000-2:667667:0]   |               2039..8184 | zero-copy                       | rc_mlx5/mlx5_1:1 |
[1791529481.905626] [a5000-2:667667:0]   |                8185..inf | multi-frag zero-copy            | rc_mlx5/mlx5_1:1 |
[1791529481.905626] [a5000-2:667667:0]   +--------------------------+---------------------------------+------------------+
[1791529481.905751] [a5000-2:667667:0]   +--------------------------+---------------------------------------------------------------------+
[1791529481.905751] [a5000-2:667667:0]   | ucp_context_0 self cfg#1 | active message by ucp_am_send*(fast-completion) from host memory    |
[1791529481.905752] [a5000-2:667667:0]   +--------------------------+--------------------------------------------------+------------------+
[1791529481.905752] [a5000-2:667667:0]   |                  0..2038 | short                                            | rc_mlx5/mlx5_1:1 |
[1791529481.905753] [a5000-2:667667:0]   |               2039..8184 | copy-in                                          | rc_mlx5/mlx5_1:1 |
[1791529481.905753] [a5000-2:667667:0]   |             8185..185482 | multi-frag copy-in                               | rc_mlx5/mlx5_1:1 |
[1791529481.905754] [a5000-2:667667:0]   |              185483..inf | multi-frag zero-copy                             | rc_mlx5/mlx5_1:1 |
[1791529481.905754] [a5000-2:667667:0]   +--------------------------+--------------------------------------------------+------------------+
[1791529481.906073] [a5000-2:667667:0]   +--------------------------+------------------------------------------------------2026-10-09 16:04:41 NIXL INFO    _api.py:363 Backend UCX was instantiated
2026-10-09 16:04:41 NIXL INFO    _api.py:253 Initialized NIXL agent: initiator
-----+
[1791529481.906076] [a5000-2:667667:0]   | ucp_context_0 self cfg#1 | active message by ucp_am_send*(multi) from host memory    |
[1791529481.906077] [a5000-2:667667:0]   +--------------------------+----------------------------------------+------------------+
[1791529481.906077] [a5000-2:667667:0]   |                   0..514 | short                                  | rc_mlx5/mlx5_1:1 |
[1791529481.906078] [a5000-2:667667:0]   |                515..8184 | zero-copy                              | rc_mlx5/mlx5_1:1 |
[1791529481.906078] [a5000-2:667667:0]   |                8185..inf | multi-frag zero-copy                   | rc_mlx5/mlx5_1:1 |
[1791529481.906079] [a5000-2:667667:0]   +--------------------------+----------------------------------------+------------------+
[1791529481.906191] [a5000-2:667667:0]   +--------------------------+--------------------------------------------------------------------+
[1791529481.906191] [a5000-2:667667:0]   | ucp_context_0 self cfg#1 | active message by ucp_am_send* with reply flag from host memory    |
[1791529481.906192] [a5000-2:667667:0]   +--------------------------+-------------------------------------------------+------------------+
[1791529481.906192] [a5000-2:667667:0]   |                  0..2030 | short                                           | rc_mlx5/mlx5_1:1 |
[1791529481.906193] [a5000-2:667667:0]   |               2031..8176 | zero-copy                                       | rc_mlx5/mlx5_1:1 |
[1791529481.906193] [a5000-2:667667:0]   |                8177..inf | multi-frag zero-copy                            | rc_mlx5/mlx5_1:1 |
[1791529481.906194] [a5000-2:667667:0]   +--------------------------+-------------------------------------------------+------------------+
[1791529481.906314] [a5000-2:667667:0]   +--------------------------+-------------------------------------------------------------------------------------+
[1791529481.906314] [a5000-2:667667:0]   | ucp_context_0 self cfg#1 | active message by ucp_am_send* with reply flag(fast-completion) from host memory    |
[1791529481.906315] [a5000-2:667667:0]   +--------------------------+------------------------------------------------------------------+------------------+
[1791529481.906315] [a5000-2:667667:0]   |                  0..2030 | short                                                            | rc_mlx5/mlx5_1:1 |
[1791529481.906316] [a5000-2:667667:0]   |               2031..8176 | copy-in                                                          | rc_mlx5/mlx5_1:1 |
[1791529481.906316] [a5000-2:667667:0]   |             8177..185482 | multi-frag copy-in                                               | rc_mlx5/mlx5_1:1 |
[1791529481.906316] [a5000-2:667667:0]   |              185483..inf | multi-frag zero-copy                                             | rc_mlx5/mlx5_1:1 |
[1791529481.906317] [a5000-2:667667:0]   +--------------------------+------------------------------------------------------------------+------------------+
[1791529481.906468] [a5000-2:667667:0]   +--------------------------+---------------------------------------------------------------------------+
[1791529481.906468] [a5000-2:667667:0]   | ucp_context_0 self cfg#1 | active message by ucp_am_send* with reply flag(multi) from host memory    |
[1791529481.906469] [a5000-2:667667:0]   +--------------------------+--------------------------------------------------------+------------------+
[1791529481.906469] [a5000-2:667667:0]   |                   0..514 | short                                                  | rc_mlx5/mlx5_1:1 |
[1791529481.906470] [a5000-2:667667:0]   |                515..8176 | zero-copy                                              | rc_mlx5/mlx5_1:1 |
[1791529481.906470] [a5000-2:667667:0]   |                8177..inf | multi-frag zero-copy                                   | rc_mlx5/mlx5_1:1 |
[1791529481.906471] [a5000-2:667667:0]   +--------------------------+--------------------------------------------------------+------------------+
[1791529481.911658] [a5000-2:667667:0]   +--------------------------------+-------------------------------------------------------------+
[1791529481.911663] [a5000-2:667667:0]   | ucp_context_0 inter-node cfg#2 | remote memory write by ucp_put* from host memory to host    |
[1791529481.911664] [a5000-2:667667:0]   +--------------------------------+------------------------------------------+------------------+
[1791529481.911665] [a5000-2:667667:0]   |                          0..2K | short                                    | rc_mlx5/mlx5_1:1 |
[1791529481.911665] [a5000-2:667667:0]   |                      2049..inf | zero-copy                                | rc_mlx5/mlx5_1:1 |
[1791529481.911665] [a5000-2:667667:0]   +--------------------------------+------------------------------------------+------------------+
[1791529481.911737] [a5000-2:667667:0]   +--------------------------------+------------------------------------------------------------------------------+
[1791529481.911738] [a5000-2:667667:0]   | ucp_context_0 inter-node cfg#2 | remote memory write by ucp_put*(fast-completion) from host memory to host    |
[1791529481.911738] [a5000-2:667667:0]   +--------------------------------+-----------------------------------------------------------+------------------+
[1791529481.911739] [a5000-2:667667:0]   |                          0..2K | short                                                     | rc_mlx5/mlx5_1:1 |
[1791529481.911739] [a5000-2:667667:0]   |                   2049..188656 | copy-in                                                   | rc_mlx5/mlx5_1:1 |
[1791529481.911739] [a5000-2:667667:0]   |                    188657..inf | zero-copy                                                 | rc_mlx5/mlx5_1:1 |
[1791529481.911740] [a5000-2:667667:0]   +--------------------------------+-----------------------------------------------------------+------------------+
[1791529481.911810] [a5000-2:667667:0]   +--------------------------------+--------------------------------------------------------------------+
[1791529481.911811] [a5000-2:667667:0]   | ucp_context_0 inter-node cfg#2 | remote memory write by ucp_put*(multi) from host memory to host    |
[1791529481.911811] [a5000-2:667667:0]   +--------------------------------+-------------------------------------------------+------------------+
[1791529481.911812] [a5000-2:667667:0]   |                         0..587 | short                                           | rc_mlx5/mlx5_1:1 |
[1791529481.911812] [a5000-2:667667:0]   |                       588..inf | zero-copy                                       | rc_mlx5/mlx5_1:1 |
[1791529481.911813] [a5000-2:667667:0]   +--------------------------------+-------------------------------------------------+------------------+
[1791529481.912092] [a5000-2:667667:0]   +--------------------------------+----------------------------------------------------+
[1791529481.912093] [a5000-2:667667:0]   | ucp_context_0 inter-node cfg#2 | active message by ucp_am_send* from host memory    |
[1791529481.912093] [a5000-2:667667:0]   +--------------------------------+---------------------------------+------------------+
[1791529481.912094] [a5000-2:667667:0]   |                        0..2038 | short                           | rc_mlx5/mlx5_1:1 |
[1791529481.912094] [a5000-2:667667:0]   |                     2039..8184 | zero-copy                       | rc_mlx5/mlx5_1:1 |
[1791529481.912095] [a5000-2:667667:0]   |                      8185..inf | multi-frag zero-copy            | rc_mlx5/mlx5_1:1 |
[1791529481.912095] [a5000-2:667667:0]   +--------------------------------+---------------------------------+------------------+
[1791529481.912224] [a5000-2:667667:0]   +--------------------------------+---------------------------------------------------------------------+
[1791529481.912225] [a5000-2:667667:0]   | ucp_context_0 inter-node cfg#2 | active message by ucp_am_send*(fast-completion) from host memory    |
[1791529481.912226] [a5000-2:667667:0]   +--------------------------------+--------------------------------------------------+------------------+
[1791529481.912226] [a5000-2:667667:0]   |                        0..2038 | short                                            | rc_mlx5/mlx5_1:1 |
[1791529481.912229] [a5000-2:667667:0]   |                     2039..8184 | copy-in                                          | rc_mlx5/mlx5_1:1 |
[1791529481.912229] [a5000-2:667667:0]   |                   8185..185482 | multi-frag copy-in                               | rc_mlx5/mlx5_1:1 |
[1791529481.912230] [a5000-2:667667:0]   |                    185483..inf | multi-frag zero-copy                             | rc_mlx5/mlx5_1:1 |
[1791529481.912230] [a5000-2:667667:0]   +--------------------------------+--------------------------------------------------+------------------+
[1791529481.912547] [a5000-2:667667:0]   +--------------------------------+-----------------------------------------------------------+
[1791529481.912548] [a5000-2:667667:0]   | ucp_context_0 inter-node cfg#2 | active message by ucp_am_send*(multi) from host memory    |
[1791529481.912548] [a5000-2:667667:0]   +--------------------------------+----------------------------------------+------------------+
[1791529481.912549] [a5000-2:667667:0]   |                         0..514 | short                                  | rc_mlx5/mlx5_1:1 |
[1791529481.912549] [a5000-2:667667:0]   |                      515..8184 | zero-copy                              | rc_mlx5/mlx5_1:1 |
[1791529481.912550] [a5000-2:667667:0]   |                      8185..inf | multi-frag zero-copy                   | rc_mlx5/mlx5_1:1 |
[1791529481.912550] [a5000-2:667667:0]   +--------------------------------+----------------------------------------+------------------+
[1791529481.912676] [a5000-2:667667:0]   +--------------------------------+--------------------------------------------------------------------+
[1791529481.912676] [a5000-2:667667:0]   | ucp_context_0 inter-node cfg#2 | active message by ucp_am_send* with reply flag from host memory    |
[1791529481.912677] [a5000-2:667667:0]   +--------------------------------+-------------------------------------------------+------------------+
[1791529481.912677] [a5000-2:667667:0]   |                        0..2030 | short                                           | rc_mlx5/mlx5_1:1 |
[1791529481.912678] [a5000-2:667667:0]   |                     2031..8176 | zero-copy                                       | rc_mlx5/mlx5_1:1 |
[1791529481.912678] [a5000-2:667667:0]   |                      8177..inf | multi-frag zero-copy                            | rc_mlx5/mlx5_1:1 |
[1791529481.912678] [a5000-2:667667:0]   +--------------------------------+-------------------------------------------------+------------------+
[1791529481.912801] [a5000-2:667667:0]   +--------------------------------+-------------------------------------------------------------------------------------+
[1791529481.912801] [a5000-2:667667:0]   | ucp_context_0 inter-node cfg#2 | active message by ucp_am_send* with reply flag(fast-completion) from host memory    |
[1791529481.912802] [a5000-2:667667:0]   +--------------------------------+------------------------------------------------------------------+------------------+
[1791529481.912802] [a5000-2:667667:0]   |                        0..2030 | short                                                            | rc_mlx5/mlx5_1:1 |
[1791529481.912803] [a5000-2:667667:0]   |                     2031..8176 | copy-in                                                          | rc_mlx5/mlx5_1:1 |
[1791529481.912803] [a5000-2:667667:0]   |                   8177..185482 | multi-frag copy-in                                               | rc_mlx5/mlx5_1:1 |
[1791529481.912804] [a5000-2:667667:0]   |                    185483..inf | multi-frag zero-copy                                             | rc_mlx5/mlx5_1:1 |
[1791529481.912804] [a5000-2:667667:0]   +--------------------------------+------------------------------------------------------------------+------------------+
[1791529481.912961] [a5000-2:667667:0]   +--------------------------------+---------------------------------------------------------------------------+
[1791529481.912964] [a5000-2:667667:0]   | ucp_context_0 inter-node cfg#2 | active message by ucp_am_send* with reply flag(multi) from host memory    |
[1791529481.912964] [a5000-2:667667:0]   +--------------------------------+--------------------------------------------------------+------------------+
[1791529481.912965] [a5000-2:667667:0]   |                         0..514 | short                                                  | rc_mlx5/mlx5_1:1 |
[1791529481.912965] [a5000-2:667667:0]   |                      515..8176 | zero-copy                                              | rc_mlx5/mlx5_1:1 |
[1791529481.912966] [a5000-2:667667:0]   |                      8177..inf | multi-frag zero-copy                                   | rc_mlx5/mlx5_1:1 |
[1791529481.912966] [a5000-2:667667:0]   +--------------------------------+--------------------------------------------------------+------------------+
[1791529482.013614] [a5000-2:667667:0]   +--------------------------------+--------------------------------------------------------------------+
[1791529482.013616] [a5000-2:667667:0]   | ucp_context_0 inter-node cfg#2 | remote memory write by ucp_put* from host memory to cuda/dev[0]    |
[1791529482.013617] [a5000-2:667667:0]   +--------------------------------+-------------------------------------------------+------------------+
[1791529482.013617] [a5000-2:667667:0]   |                          0..2K | short                                           | rc_mlx5/mlx5_1:1 |
[1791529482.013618] [a5000-2:667667:0]   |                      2049..inf | zero-copy                                       | rc_mlx5/mlx5_1:1 |
[1791529482.013618] [a5000-2:667667:0]   +--------------------------------+-------------------------------------------------+------------------+
[1791529482.013691] [a5000-2:667667:0]   +--------------------------------+-------------------------------------------------------------------------------------+
[1791529482.013692] [a5000-2:667667:0]   | ucp_context_0 inter-node cfg#2 | remote memory write by ucp_put*(fast-completion) from host memory to cuda/dev[0]    |
[1791529482.013693] [a5000-2:667667:0]   +--------------------------------+------------------------------------------------------------------+------------------+
[1791529482.013693] [a5000-2:667667:0]   |                          0..2K | short                                                            | rc_mlx5/mlx5_1:1 |
[1791529482.013694] [a5000-2:667667:0]   |                      2049..inf | copy-in                                                          | rc_mlx5/mlx5_1:1 |
[1791529482.013694] [a5000-2:667667:0]   +--------------------------------+------------------------------------------------------------------+------------------+
[1791529482.013781] [a5000-2:667667:0]   +--------------------------------+---------------------------------------------------------------------------+
[1791529482.013782] [a5000-2:667667:0]   | ucp_context_0 inter-node cfg#2 | remote memory write by ucp_put*(multi) from host memory to cuda/dev[0]    |
[1791529482.013782] [a5000-2:667667:0]   +--------------------------------+--------------------------------------------------------+------------------+
[1791529482.013783] [a5000-2:667667:0]   |                          0..2K | short                                                  | rc_mlx5/mlx5_1:1 |
[1791529482.013783] [a5000-2:667667:0]   |                      2049..inf | copy-in                                                | rc_mlx5/mlx5_1:1 |
[1791529482.013783] [a5000-2:667667:0]   +--------------------------------+--------------------------------------------------------+------------------+
[1791529482.060033] [a5000-2:667667:0]   +--------------------------+--------------------------------------------------------------------+
[1791529482.060034] [a5000-2:667667:0]   | ucp_context_0 self cfg#1 | remote memory write by ucp_put* from host memory to cuda/dev[0]    |
[1791529482.060035] [a5000-2:667667:0]   +--------------------------+-------------------------------------------------+------------------+
[1791529482.060035] [a5000-2:667667:0]   |                    0..2K | short                                           | rc_mlx5/mlx5_1:1 |
[1791529482.060040] [a5000-2:667667:0]   |                2049..inf | zero-copy                                       | rc_mlx5/mlx5_1:1 |
[1791529482.060041] [a5000-2:667667:0]   +--------------------------+-------------------------------------------------+------------------+
[1791529482.060128] [a5000-2:667667:0]   +--------------------------+-------------------------------------------------------------------------------------+
[1791529482.060129] [a5000-2:667667:0]   | ucp_context_0 self cfg#1 | remote memory write by ucp_put*(fast-completion) from host memory to cuda/dev[0]    |
[1791529482.060129] [a5000-2:667667:0]   +--------------------------+------------------------------------------------------------------+------------------+
[1791529482.060130] [a5000-2:667667:0]   |                    0..2K | short                                                            | rc_mlx5/mlx5_1:1 |
[1791529482.060130] [a5000-2:667667:0]   |             2049..188656 | copy-in                                                          | rc_mlx5/mlx5_1:1 |
[1791529482.060131] [a5000-2:667667:0]   |              188657..inf | zero-copy                                                        | rc_mlx5/mlx5_1:1 |
[1791529482.060131] [a5000-2:667667:0]   +--------------------------+------------------------------------------------------------------+------------------+
[1791529482.060218] [a5000-2:667667:0]   +--------------------------+---------------------------------------------------------------------------+
[1791529482.060218] [a5000-2:667667:0]   | ucp_context_0 self cfg#1 | remote memory write by ucp_put*(multi) from host memory to cuda/dev[0]    |
[1791529482.060219] [a5000-2:667667:0]   +--------------------------+--------------------------------------------------------+------------------+
[1791529482.060219] [a5000-2:667667:0]   |                   0..587 | short                                                  | rc_mlx5/mlx5_1:1 |
[1791529482.060220] [a5000-2:667667:0]   |                 588..inf | zero-copy                                              | rc_mlx5/mlx5_1:1 |
[1791529482.060220] [a5000-2:667667:0]   +--------------------------+--------------------------------------------------------+------------------+
[1791529482.060566] [a5000-2:667667:0]   +--------------------------------+-------------------------------------------------------------------------+
[1791529482.060567] [a5000-2:667667:0]   | ucp_context_0 inter-node cfg#2 | remote memory write by ucp_put*(multi) from cuda/GPU0 to cuda/dev[0]    |
[1791529482.060567] [a5000-2:667667:0]   +--------------------------------+------------------------------------------------------+------------------+
[1791529482.060568] [a5000-2:667667:0]   |                              0 | short                                                | rc_mlx5/mlx5_1:1 |
[1791529482.060568] [a5000-2:667667:0]   |                         1..inf | zero-copy                                            | rc_mlx5/mlx5_1:1 |
[1791529482.060568] [a5000-2:667667:0]   +--------------------------------+------------------------------------------------------+------------------+
[1791529482.061091] [a5000-2:667667:0]   +--------------------------------+---------------------------------------------------------+
[1791529482.061092] [a5000-2:667667:0]   | ucp_context_0 inter-node cfg#2 | active message by ucp_am_send*(egr) from host memory    |
[1791529482.061093] [a5000-2:667667:0]   +--------------------------------+--------------------------------------+------------------+
[1791529482.061093] [a5000-2:667667:0]   |                        0..2038 | short                                | rc_mlx5/mlx5_1:1 |
[1791529482.061094] [a5000-2:667667:0]   |                     2039..8184 | zero-copy                            | rc_mlx5/mlx5_1:1 |
[1791529482.061094] [a5000-2:667667:0]   |                      8185..inf | multi-frag zero-copy                 | rc_mlx5/mlx5_1:1 |
[17915294     bytes     median_s    Gbit/s
   1048576     0.000176     47.53
   4194304     0.000674     49.82
  16777216     0.002886     46.50
  67108864     0.011527     46.57
82.061095] [a5000-2:667667:0]   +--------------------------------+--------------------------------------+------------------+
initiator exit=0
