[1791529167.682026] [a5000-1:5945 :0]   +--------------------------+-------------------------------------------------------------+
[1791529167.682034] [a5000-1:5945 :0]   | ucp_context_0 self cfg#0 | remote memory write by ucp_put* from host memory to host    |
[1791529167.682036] [a5000-1:5945 :0]   +--------------------------+--------------------------------------------+----------------+
[1791529167.682037] [a5000-1:5945 :0]   |            0..4294967295 | short                                      | cuda_copy/cuda |
[1791529167.682038] [a5000-1:5945 :0]   +--------------------------+--------------------------------------------+----------------+
[1791529167.682091] [a5000-1:5945 :0]   +--------------------------+------------------------------------------------------------------------------+
[1791529167.682092] [a5000-1:5945 :0]   | ucp_context_0 self cfg#0 | remote memory write by ucp_put*(fast-completion) from host memory to host    |
[1791529167.682093] [a5000-1:5945 :0]   +--------------------------+-------------------------------------------------------------+----------------+
[1791529167.682094] [a5000-1:5945 :0]   |            0..4294967295 | short                                                       | cuda_copy/cuda |
[1791529167.682095] [a5000-1:5945 :0]   +--------------------------+-------------------------------------------------------------+----------------+
[1791529167.682144] [a5000-1:5945 :0]   +--------------------------+--------------------------------------------------------------------+
[1791529167.682145] [a5000-1:5945 :0]   | ucp_context_0 self cfg#0 | remote memory write by ucp_put*(multi) from host memory to host    |
[1791529167.682146] [a5000-1:5945 :0]   +--------------------------+---------------------------------------------------+----------------+
[1791529167.682147] [a5000-1:5945 :0]   |            0..4294967295 | short                                             | cuda_copy/cuda |
[1791529167.682148] [a5000-1:5945 :0]   +--------------------------+---------------------------------------------------+----------------+
[1791529167.682230] [a5000-1:5945 :0]   +--------------------------+----------------------------------------------------+
[1791529167.682231] [a5000-1:5945 :0]   | ucp_context_0 self cfg#0 | active message by ucp_am_send* from host memory    |
[1791529167.682232] [a5000-1:5945 :0]   +--------------------------+-------------------------------------------------+--+
[1791529167.682233] [a5000-1:5945 :0]   +--------------------------+-------------------------------------------------+--+
[1791529167.682259] [a5000-1:5945 :0]   +--------------------------+--------------------------------------------------------------------+
[1791529167.682260] [a5000-1:5945 :0]   | ucp_context_0 self cfg#0 | active message by ucp_am_send* with reply flag from host memory    |
[1791529167.682261] [a5000-1:5945 :0]   +--------------------------+-----------------------------------------------------------------+--+
[1791529167.682261] [a5000-1:5945 :0]   +--------------------------+-----------------------------------------------------------------+--+
[1791529167.690348] [a5000-1:5945 :0]   +--------------------------+-------------------------------------------------------------+
[1791529167.690352] [a5000-1:5945 :0]   | ucp_context_0 self cfg#1 | remote memory write by ucp_put* from host memory to host    |
[1791529167.690353] [a5000-1:5945 :0]   +--------------------------+-------------+-----------------------------------------------+
[1791529167.690354] [a5000-1:5945 :0]   |                    0..2K | short       | rc_mlx5/mlx5_1:1                              |
[1791529167.690355] [a5000-1:5945 :0]   |               2049..2559 | copy-in     | rc_mlx5/mlx5_1:1                              |
[1791529167.690356] [a5000-1:5945 :0]   |                2560..inf | zero-copy   | 38% on rc_mlx5/mlx5_1:1 and 62% on cma/memory |
[1791529167.690357] [a5000-1:5945 :0]   +--------------------------+-------------+-----------------------------------------------+
[1791529167.690506] [a5000-1:5945 :0]   +--------------------------+------------------------------------------------------------------------------+
[1791529167.690516] [a5000-1:5945 :0]   | ucp_context_0 self cfg#1 | remote memory write by ucp_put*(fast-completion) from host memory to host    |
[1791529167.690517] [a5000-1:5945 :0]   +--------------------------+------------------------------+-----------------------------------------------+
[1791529167.690517] [a5000-1:5945 :0]   |                    0..2K | short                        | rc_mlx5/mlx5_1:1                              |
[1791529167.690518] [a5000-1:5945 :0]   |              2049..17229 | copy-in                      | rc_mlx5/mlx5_1:1                              |
[1791529167.690519] [a5000-1:5945 :0]   |               17230..inf | zero-copy                    | 38% on rc_mlx5/mlx5_1:1 and 62% on cma/memory |
[1791529167.690520] [a5000-1:5945 :0]   +--------------------------+------------------------------+-----------------------------------------------+
[1791529167.690644] [a5000-1:5945 :0]   +--------------------------+--------------------------------------------------------------------+
[1791529167.690645] [a5000-1:5945 :0]   | ucp_context_0 self cfg#1 | remote memory write by ucp_put*(multi) from host memory to host    |
[1791529167.690646] [a5000-1:5945 :0]   +--------------------------+--------------------+-----------------------------------------------+
[1791529167.690647] [a5000-1:5945 :0]   |                    0..2K | short              | rc_mlx5/mlx5_1:1                              |
[1791529167.690647] [a5000-1:5945 :0]   |               2049..4221 | copy-in            | rc_mlx5/mlx5_1:1                              |
[1791529167.690648] [a5000-1:5945 :0]   |                4222..inf | zero-copy          | 38% on rc_mlx5/mlx5_1:1 and 62% on cma/memory |
[1791529167.690649] [a5000-1:5945 :0]   +--------------------------+--------------------+-----------------------------------------------+
[1791529167.691036] [a5000-1:5945 :0]   +--------------------------+----------------------------------------------------+
[1791529167.691038] [a5000-1:5945 :0]   | ucp_context_0 self cfg#1 | active message by ucp_am_send* from host memory    |
[1791529167.691038] [a5000-1:5945 :0]   +--------------------------+---------------------------------+------------------+
[1791529167.691039] [a5000-1:5945 :0]   |                  0..2038 | short                           | rc_mlx5/mlx5_1:1 |
[1791529167.691040] [a5000-1:5945 :0]   |               2039..8184 | zero-copy                       | rc_mlx5/mlx5_1:1 |
[1791529167.691041] [a5000-1:5945 :0]   |                8185..inf | multi-frag zero-copy            | rc_mlx5/mlx5_1:1 |
[1791529167.691041] [a5000-1:5945 :0]   +--------------------------+---------------------------------+------------------+
[1791529167.691236] [a5000-1:5945 :0]   +--------------------------+---------------------------------------------------------------------+
[1791529167.691237] [a5000-1:5945 :0]   | ucp_context_0 self cfg#1 | active message by ucp_am_send*(fast-completion) from host memory    |
[1791529167.691238] [a5000-1:5945 :0]   +--------------------------+--------------------------------------------------+------------------+
[1791529167.691238] [a5000-1:5945 :0]   |                  0..2038 | short                                            | rc_mlx5/mlx5_1:1 |
[1791529167.691239] [a5000-1:5945 :0]   |               2039..8184 | copy-in                                          | rc_mlx5/mlx5_1:1 |
[1791529167.691240] [a5000-1:5945 :0]   |             8185..185482 | multi-frag copy-in                               | rc_mlx5/mlx5_1:1 |
[1791529167.691241] [a5000-1:5945 :0]   |              185483..inf | multi-frag zero-copy                             | rc_mlx5/mlx5_1:1 |
[1791529167.691241] [a5000-1:5945 :0]   +--------------------------+--------------------------------------------------+------------------+
[1791529167.691728] [a5000-1:5945 :0]   +--------------------------+-----------------------------------------------------------+
[1791529167.691729] [a5000-1:5945 :0]   | ucp_context2026-10-09 06:59:27 NIXL INFO    _api.py:363 Backend UCX was instantiated
2026-10-09 06:59:27 NIXL INFO    _api.py:253 Initialized NIXL agent: initiator
_0 self cfg#1 | active message by ucp_am_send*(multi) from host memory    |
[1791529167.691733] [a5000-1:5945 :0]   +--------------------------+----------------------------------------+------------------+
[1791529167.691734] [a5000-1:5945 :0]   |                   0..514 | short                                  | rc_mlx5/mlx5_1:1 |
[1791529167.691734] [a5000-1:5945 :0]   |                515..8184 | zero-copy                              | rc_mlx5/mlx5_1:1 |
[1791529167.691735] [a5000-1:5945 :0]   |                8185..inf | multi-frag zero-copy                   | rc_mlx5/mlx5_1:1 |
[1791529167.691736] [a5000-1:5945 :0]   +--------------------------+----------------------------------------+------------------+
[1791529167.691923] [a5000-1:5945 :0]   +--------------------------+--------------------------------------------------------------------+
[1791529167.691924] [a5000-1:5945 :0]   | ucp_context_0 self cfg#1 | active message by ucp_am_send* with reply flag from host memory    |
[1791529167.691925] [a5000-1:5945 :0]   +--------------------------+-------------------------------------------------+------------------+
[1791529167.691926] [a5000-1:5945 :0]   |                  0..2030 | short                                           | rc_mlx5/mlx5_1:1 |
[1791529167.691926] [a5000-1:5945 :0]   |               2031..8176 | zero-copy                                       | rc_mlx5/mlx5_1:1 |
[1791529167.691927] [a5000-1:5945 :0]   |                8177..inf | multi-frag zero-copy                            | rc_mlx5/mlx5_1:1 |
[1791529167.691928] [a5000-1:5945 :0]   +--------------------------+-------------------------------------------------+------------------+
[1791529167.692137] [a5000-1:5945 :0]   +--------------------------+-------------------------------------------------------------------------------------+
[1791529167.692138] [a5000-1:5945 :0]   | ucp_context_0 self cfg#1 | active message by ucp_am_send* with reply flag(fast-completion) from host memory    |
[1791529167.692139] [a5000-1:5945 :0]   +--------------------------+------------------------------------------------------------------+------------------+
[1791529167.692139] [a5000-1:5945 :0]   |                  0..2030 | short                                                            | rc_mlx5/mlx5_1:1 |
[1791529167.692140] [a5000-1:5945 :0]   |               2031..8176 | copy-in                                                          | rc_mlx5/mlx5_1:1 |
[1791529167.692141] [a5000-1:5945 :0]   |             8177..185482 | multi-frag copy-in                                               | rc_mlx5/mlx5_1:1 |
[1791529167.692142] [a5000-1:5945 :0]   |              185483..inf | multi-frag zero-copy                                             | rc_mlx5/mlx5_1:1 |
[1791529167.692142] [a5000-1:5945 :0]   +--------------------------+------------------------------------------------------------------+------------------+
[1791529167.692377] [a5000-1:5945 :0]   +--------------------------+---------------------------------------------------------------------------+
[1791529167.692378] [a5000-1:5945 :0]   | ucp_context_0 self cfg#1 | active message by ucp_am_send* with reply flag(multi) from host memory    |
[1791529167.692379] [a5000-1:5945 :0]   +--------------------------+--------------------------------------------------------+------------------+
[1791529167.692379] [a5000-1:5945 :0]   |                   0..514 | short                                                  | rc_mlx5/mlx5_1:1 |
[1791529167.692380] [a5000-1:5945 :0]   |                515..8176 | zero-copy                                              | rc_mlx5/mlx5_1:1 |
[1791529167.692381] [a5000-1:5945 :0]   |                8177..inf | multi-frag zero-copy                                   | rc_mlx5/mlx5_1:1 |
[1791529167.692382] [a5000-1:5945 :0]   +--------------------------+--------------------------------------------------------+------------------+
[1791529167.700705] [a5000-1:5945 :0]   +--------------------------------+-------------------------------------------------------------+
[1791529167.700708] [a5000-1:5945 :0]   | ucp_context_0 inter-node cfg#2 | remote memory write by ucp_put* from host memory to host    |
[1791529167.700712] [a5000-1:5945 :0]   +--------------------------------+------------------------------------------+------------------+
[1791529167.700713] [a5000-1:5945 :0]   |                          0..2K | short                                    | rc_mlx5/mlx5_1:1 |
[1791529167.700713] [a5000-1:5945 :0]   |                      2049..inf | zero-copy                                | rc_mlx5/mlx5_1:1 |
[1791529167.700714] [a5000-1:5945 :0]   +--------------------------------+------------------------------------------+------------------+
[1791529167.700799] [a5000-1:5945 :0]   +--------------------------------+------------------------------------------------------------------------------+
[1791529167.700799] [a5000-1:5945 :0]   | ucp_context_0 inter-node cfg#2 | remote memory write by ucp_put*(fast-completion) from host memory to host    |
[1791529167.700800] [a5000-1:5945 :0]   +--------------------------------+-----------------------------------------------------------+------------------+
[1791529167.700801] [a5000-1:5945 :0]   |                          0..2K | short                                                     | rc_mlx5/mlx5_1:1 |
[1791529167.700801] [a5000-1:5945 :0]   |                   2049..188656 | copy-in                                                   | rc_mlx5/mlx5_1:1 |
[1791529167.700802] [a5000-1:5945 :0]   |                    188657..inf | zero-copy                                                 | rc_mlx5/mlx5_1:1 |
[1791529167.700802] [a5000-1:5945 :0]   +--------------------------------+-----------------------------------------------------------+------------------+
[1791529167.700892] [a5000-1:5945 :0]   +--------------------------------+--------------------------------------------------------------------+
[1791529167.700893] [a5000-1:5945 :0]   | ucp_context_0 inter-node cfg#2 | remote memory write by ucp_put*(multi) from host memory to host    |
[1791529167.700894] [a5000-1:5945 :0]   +--------------------------------+-------------------------------------------------+------------------+
[1791529167.700894] [a5000-1:5945 :0]   |                         0..587 | short                                           | rc_mlx5/mlx5_1:1 |
[1791529167.700895] [a5000-1:5945 :0]   |                       588..inf | zero-copy                                       | rc_mlx5/mlx5_1:1 |
[1791529167.700895] [a5000-1:5945 :0]   +--------------------------------+-------------------------------------------------+------------------+
[1791529167.701177] [a5000-1:5945 :0]   +--------------------------------+----------------------------------------------------+
[1791529167.701178] [a5000-1:5945 :0]   | ucp_context_0 inter-node cfg#2 | active message by ucp_am_send* from host memory    |
[1791529167.701179] [a5000-1:5945 :0]   +--------------------------------+---------------------------------+------------------+
[1791529167.701179] [a5000-1:5945 :0]   |                        0..2038 | short                           | rc_mlx5/mlx5_1:1 |
[1791529167.701180] [a5000-1:5945 :0]   |                     2039..8184 | zero-copy                       | rc_mlx5/mlx5_1:1 |
[1791529167.701180] [a5000-1:5945 :0]   |                      8185..inf | multi-frag zero-copy            | rc_mlx5/mlx5_1:1 |
[1791529167.701181] [a5000-1:5945 :0]   +--------------------------------+---------------------------------+------------------+
[1791529167.701330] [a5000-1:5945 :0]   +--------------------------------+---------------------------------------------------------------------+
[1791529167.701331] [a5000-1:5945 :0]   | ucp_context_0 inter-node cfg#2 | active message by ucp_am_send*(fast-completion) from host memory    |
[1791529167.701332] [a5000-1:5945 :0]   +--------------------------------+--------------------------------------------------+------------------+
[1791529167.701332] [a5000-1:5945 :0]   |                        0..2038 | short                                            | rc_mlx5/mlx5_1:1 |
[1791529167.701333] [a5000-1:5945 :0]   |                     2039..8184 | copy-in                                          | rc_mlx5/mlx5_1:1 |
[1791529167.701336] [a5000-1:5945 :0]   |                   8185..185482 | multi-frag copy-in                               | rc_mlx5/mlx5_1:1 |
[1791529167.701336] [a5000-1:5945 :0]   |                    185483..inf | multi-frag zero-copy                             | rc_mlx5/mlx5_1:1 |
[1791529167.701337] [a5000-1:5945 :0]   +--------------------------------+--------------------------------------------------+------------------+
[1791529167.701704] [a5000-1:5945 :0]   +--------------------------------+-----------------------------------------------------------+
[1791529167.701705] [a5000-1:5945 :0]   | ucp_context_0 inter-node cfg#2 | active message by ucp_am_send*(multi) from host memory    |
[1791529167.701705] [a5000-1:5945 :0]   +--------------------------------+----------------------------------------+------------------+
[1791529167.701706] [a5000-1:5945 :0]   |                         0..514 | short                                  | rc_mlx5/mlx5_1:1 |
[1791529167.701706] [a5000-1:5945 :0]   |                      515..8184 | zero-copy                              | rc_mlx5/mlx5_1:1 |
[1791529167.701707] [a5000-1:5945 :0]   |                      8185..inf | multi-frag zero-copy                   | rc_mlx5/mlx5_1:1 |
[1791529167.701707] [a5000-1:5945 :0]   +--------------------------------+----------------------------------------+------------------+
[1791529167.701865] [a5000-1:5945 :0]   +--------------------------------+--------------------------------------------------------------------+
[1791529167.701866] [a5000-1:5945 :0]   | ucp_context_0 inter-node cfg#2 | active message by ucp_am_send* with reply flag from host memory    |
[1791529167.701867] [a5000-1:5945 :0]   +--------------------------------+-------------------------------------------------+------------------+
[1791529167.701867] [a5000-1:5945 :0]   |                        0..2030 | short                                           | rc_mlx5/mlx5_1:1 |
[1791529167.701868] [a5000-1:5945 :0]   |                     2031..8176 | zero-copy                                       | rc_mlx5/mlx5_1:1 |
[1791529167.701868] [a5000-1:5945 :0]   |                      8177..inf | multi-frag zero-copy                            | rc_mlx5/mlx5_1:1 |
[1791529167.701869] [a5000-1:5945 :0]   +--------------------------------+-------------------------------------------------+------------------+
[1791529167.702015] [a5000-1:5945 :0]   +--------------------------------+-------------------------------------------------------------------------------------+
[1791529167.702016] [a5000-1:5945 :0]   | ucp_context_0 inter-node cfg#2 | active message by ucp_am_send* with reply flag(fast-completion) from host memory    |
[1791529167.702016] [a5000-1:5945 :0]   +--------------------------------+------------------------------------------------------------------+------------------+
[1791529167.702017] [a5000-1:5945 :0]   |                        0..2030 | short                                                            | rc_mlx5/mlx5_1:1 |
[1791529167.702017] [a5000-1:5945 :0]   |                     2031..8176 | copy-in                                                          | rc_mlx5/mlx5_1:1 |
[1791529167.702018] [a5000-1:5945 :0]   |                   8177..185482 | multi-frag copy-in                                               | rc_mlx5/mlx5_1:1 |
[1791529167.702018] [a5000-1:5945 :0]   |                    185483..inf | multi-frag zero-copy                                             | rc_mlx5/mlx5_1:1 |
[1791529167.702019] [a5000-1:5945 :0]   +--------------------------------+------------------------------------------------------------------+------------------+
[1791529167.702200] [a5000-1:5945 :0]   +--------------------------------+---------------------------------------------------------------------------+
[1791529167.702201] [a5000-1:5945 :0]   | ucp_context_0 inter-node cfg#2 | active message by ucp_am_send* with reply flag(multi) from host memory    |
[1791529167.702203] [a5000-1:5945 :0]   +--------------------------------+--------------------------------------------------------+------------------+
[1791529167.702204] [a5000-1:5945 :0]   |                         0..514 | short                                                  | rc_mlx5/mlx5_1:1 |
[1791529167.702204] [a5000-1:5945 :0]   |                      515..8176 | zero-copy                                              | rc_mlx5/mlx5_1:1 |
[1791529167.702205] [a5000-1:5945 :0]   |                      8177..inf | multi-frag zero-copy                                   | rc_mlx5/mlx5_1:1 |
[1791529167.702205] [a5000-1:5945 :0]   +--------------------------------+--------------------------------------------------------+------------------+
[1791529167.837330] [a5000-1:5945 :0]   +--------------------------------+--------------------------------------------------------------------+
[1791529167.837333] [a5000-1:5945 :0]   | ucp_context_0 inter-node cfg#2 | remote memory write by ucp_put* from host memory to cuda/dev[0]    |
[1791529167.837335] [a5000-1:5945 :0]   +--------------------------------+-------------------------------------------------+------------------+
[1791529167.837336] [a5000-1:5945 :0]   |                          0..2K | short                                           | rc_mlx5/mlx5_1:1 |
[1791529167.837336] [a5000-1:5945 :0]   |                      2049..inf | zero-copy                                       | rc_mlx5/mlx5_1:1 |
[1791529167.837337] [a5000-1:5945 :0]   +--------------------------------+-------------------------------------------------+------------------+
[1791529167.837485] [a5000-1:5945 :0]   +--------------------------------+-------------------------------------------------------------------------------------+
[1791529167.837486] [a5000-1:5945 :0]   | ucp_context_0 inter-node cfg#2 | remote memory write by ucp_put*(fast-completion) from host memory to cuda/dev[0]    |
[1791529167.837487] [a5000-1:5945 :0]   +--------------------------------+------------------------------------------------------------------+------------------+
[1791529167.837488] [a5000-1:5945 :0]   |                          0..2K | short                                                            | rc_mlx5/mlx5_1:1 |
[1791529167.837489] [a5000-1:5945 :0]   |                      2049..inf | copy-in                                                          | rc_mlx5/mlx5_1:1 |
[1791529167.837490] [a5000-1:5945 :0]   +--------------------------------+------------------------------------------------------------------+------------------+
[1791529167.837663] [a5000-1:5945 :0]   +--------------------------------+---------------------------------------------------------------------------+
[1791529167.837665] [a5000-1:5945 :0]   | ucp_context_0 inter-node cfg#2 | remote memory write by ucp_put*(multi) from host memory to cuda/dev[0]    |
[1791529167.837666] [a5000-1:5945 :0]   +--------------------------------+--------------------------------------------------------+------------------+
[1791529167.837667] [a5000-1:5945 :0]   |                          0..2K | short                                                  | rc_mlx5/mlx5_1:1 |
[1791529167.837667] [a5000-1:5945 :0]   |                      2049..inf | copy-in                                                | rc_mlx5/mlx5_1:1 |
[1791529167.837668] [a5000-1:5945 :0]   +--------------------------------+--------------------------------------------------------+------------------+
[1791529167.886706] [a5000-1:5945 :0]   +--------------------------+--------------------------------------------------------------------+
[1791529167.886708] [a5000-1:5945 :0]   | ucp_context_0 self cfg#1 | remote memory write by ucp_put* from host memory to cuda/dev[0]    |
[1791529167.886708] [a5000-1:5945 :0]   +--------------------------+-------------------------------------------------+------------------+
[1791529167.886709] [a5000-1:5945 :0]   |                    0..2K | short                                           | rc_mlx5/mlx5_1:1 |
[1791529167.886709] [a5000-1:5945 :0     bytes     median_s    Gbit/s
   1048576     0.000171     49.10
   4194304     0.000657     51.07
  16777216     0.002766     48.52
  67108864     0.011041     48.62
]   |                2049..inf | zero-copy                                       | rc_mlx5/mlx5_1:1 |
[1791529167.886714] [a5000-1:5945 :0]   +--------------------------+-------------------------------------------------+------------------+
[1791529167.886789] [a5000-1:5945 :0]   +--------------------------+-------------------------------------------------------------------------------------+
[1791529167.886790] [a5000-1:5945 :0]   | ucp_context_0 self cfg#1 | remote memory write by ucp_put*(fast-completion) from host memory to cuda/dev[0]    |
[1791529167.886790] [a5000-1:5945 :0]   +--------------------------+------------------------------------------------------------------+------------------+
[1791529167.886791] [a5000-1:5945 :0]   |                    0..2K | short                                                            | rc_mlx5/mlx5_1:1 |
[1791529167.886791] [a5000-1:5945 :0]   |             2049..188656 | copy-in                                                          | rc_mlx5/mlx5_1:1 |
[1791529167.886792] [a5000-1:5945 :0]   |              188657..inf | zero-copy                                                        | rc_mlx5/mlx5_1:1 |
[1791529167.886792] [a5000-1:5945 :0]   +--------------------------+------------------------------------------------------------------+------------------+
[1791529167.886870] [a5000-1:5945 :0]   +--------------------------+---------------------------------------------------------------------------+
[1791529167.886871] [a5000-1:5945 :0]   | ucp_context_0 self cfg#1 | remote memory write by ucp_put*(multi) from host memory to cuda/dev[0]    |
[1791529167.886871] [a5000-1:5945 :0]   +--------------------------+--------------------------------------------------------+------------------+
[1791529167.886872] [a5000-1:5945 :0]   |                   0..587 | short                                                  | rc_mlx5/mlx5_1:1 |
[1791529167.886872] [a5000-1:5945 :0]   |                 588..inf | zero-copy                                              | rc_mlx5/mlx5_1:1 |
[1791529167.886872] [a5000-1:5945 :0]   +--------------------------+--------------------------------------------------------+------------------+
[1791529167.887190] [a5000-1:5945 :0]   +--------------------------------+-------------------------------------------------------------------------+
[1791529167.887191] [a5000-1:5945 :0]   | ucp_context_0 inter-node cfg#2 | remote memory write by ucp_put*(multi) from cuda/GPU0 to cuda/dev[0]    |
[1791529167.887192] [a5000-1:5945 :0]   +--------------------------------+------------------------------------------------------+------------------+
[1791529167.887192] [a5000-1:5945 :0]   |                              0 | short                                                | rc_mlx5/mlx5_1:1 |
[1791529167.887193] [a5000-1:5945 :0]   |                         1..inf | zero-copy                                            | rc_mlx5/mlx5_1:1 |
[1791529167.887193] [a5000-1:5945 :0]   +--------------------------------+------------------------------------------------------+------------------+
[1791529167.887696] [a5000-1:5945 :0]   +--------------------------------+---------------------------------------------------------+
[1791529167.887697] [a5000-1:5945 :0]   | ucp_context_0 inter-node cfg#2 | active message by ucp_am_send*(egr) from host memory    |
[1791529167.887697] [a5000-1:5945 :0]   +--------------------------------+--------------------------------------+------------------+
[1791529167.887698] [a5000-1:5945 :0]   |                        0..2038 | short                                | rc_mlx5/mlx5_1:1 |
[1791529167.887698] [a5000-1:5945 :0]   |                     2039..8184 | zero-copy                            | rc_mlx5/mlx5_1:1 |
[1791529167.887698] [a5000-1:5945 :0]   |                      8185..inf | multi-frag zero-copy                 | rc_mlx5/mlx5_1:1 |
[1791529167.887699] [a5000-1:5945 :0]   +--------------------------------+--------------------------------------+------------------+
initiator exit=0
