[1791529147.830848] [s8:1212757:0]   +--------------------------+-------------------------------------------------------------+
[1791529147.830859] [s8:1212757:0]   | ucp_context_0 self cfg#0 | remote memory write by ucp_put* from host memory to host    |
[1791529147.830861] [s8:1212757:0]   +--------------------------+--------------------------------------------+----------------+
[1791529147.830862] [s8:1212757:0]   |            0..4294967295 | short                                      | cuda_copy/cuda |
[1791529147.830863] [s8:1212757:0]   +--------------------------+--------------------------------------------+----------------+
[1791529147.830919] [s8:1212757:0]   +--------------------------+------------------------------------------------------------------------------+
[1791529147.830921] [s8:1212757:0]   | ucp_context_0 self cfg#0 | remote memory write by ucp_put*(fast-completion) from host memory to host    |
[1791529147.830922] [s8:1212757:0]   +--------------------------+-------------------------------------------------------------+----------------+
[1791529147.830923] [s8:1212757:0]   |            0..4294967295 | short                                                       | cuda_copy/cuda |
[1791529147.830924] [s8:1212757:0]   +--------------------------+-------------------------------------------------------------+----------------+
[1791529147.830972] [s8:1212757:0]   +--------------------------+--------------------------------------------------------------------+
[1791529147.830974] [s8:1212757:0]   | ucp_context_0 self cfg#0 | remote memory write by ucp_put*(multi) from host memory to host    |
[1791529147.830975] [s8:1212757:0]   +--------------------------+---------------------------------------------------+----------------+
[1791529147.830975] [s8:1212757:0]   |            0..4294967295 | short                                             | cuda_copy/cuda |
[1791529147.830976] [s8:1212757:0]   +--------------------------+---------------------------------------------------+----------------+
[1791529147.831075] [s8:1212757:0]   +--------------------------+----------------------------------------------------+
[1791529147.831076] [s8:1212757:0]   | ucp_context_0 self cfg#0 | active message by ucp_am_send* from host memory    |
[1791529147.831077] [s8:1212757:0]   +--------------------------+-------------------------------------------------+--+
[1791529147.831079] [s8:1212757:0]   +--------------------------+-------------------------------------------------+--+
[1791529147.831109] [s8:1212757:0]   +--------------------------+--------------------------------------------------------------------+
[1791529147.831110] [s8:1212757:0]   | ucp_context_0 self cfg#0 | active message by ucp_am_send* with reply flag from host memory    |
[1791529147.831112] [s8:1212757:0]   +--------------------------+-----------------------------------------------------------------+--+
[1791529147.831113] [s8:1212757:0]   +--------------------------+-----------------------------------------------------------------+--+
[1791529147.838241] [s8:1212757:0]   +--------------------------+-------------------------------------------------------------+
[1791529147.838247] [s8:1212757:0]   | ucp_context_0 self cfg#1 | remote memory write by ucp_put* from host memory to host    |
[1791529147.838248] [s8:1212757:0]   +--------------------------+-------------+-----------------------------------------------+
[1791529147.838249] [s8:1212757:0]   |                    0..2K | short       | rc_mlx5/mlx5_0:1                              |
[1791529147.838250] [s8:1212757:0]   |               2049..3276 | copy-in     | rc_mlx5/mlx5_0:1                              |
[1791529147.838251] [s8:1212757:0]   |                3277..inf | zero-copy   | 52% on rc_mlx5/mlx5_0:1 and 48% on cma/memory |
[1791529147.838252] [s8:1212757:0]   +--------------------------+-------------+-----------------------------------------------+
[1791529147.838484] [s8:1212757:0]   +--------------------------+------------------------------------------------------------------------------+
[1791529147.838537] [s8:1212757:0]   | ucp_context_0 self cfg#1 | remote memory write by ucp_put*(fast-completion) from host memory to host    |
[1791529147.838538] [s8:1212757:0]   +--------------------------+------------------------------+-----------------------------------------------+
[1791529147.838540] [s8:1212757:0]   |                    0..2K | short                        | rc_mlx5/mlx5_0:1                              |
[1791529147.838541] [s8:1212757:0]   |              2049..16351 | copy-in                      | rc_mlx5/mlx5_0:1                              |
[1791529147.838542] [s8:1212757:0]   |               16352..inf | zero-copy                    | 52% on rc_mlx5/mlx5_0:1 and 48% on cma/memory |
[1791529147.838543] [s8:1212757:0]   +--------------------------+------------------------------+-----------------------------------------------+
[1791529147.838706] [s8:1212757:0]   +--------------------------+--------------------------------------------------------------------+
[1791529147.838708] [s8:1212757:0]   | ucp_context_0 self cfg#1 | remote memory write by ucp_put*(multi) from host memory to host    |
[1791529147.838709] [s8:1212757:0]   +--------------------------+--------------------+-----------------------------------------------+
[1791529147.838710] [s8:1212757:0]   |                    0..2K | short              | rc_mlx5/mlx5_0:1                              |
[1791529147.838710] [s8:1212757:0]   |               2049..4221 | copy-in            | rc_mlx5/mlx5_0:1                              |
[1791529147.838711] [s8:1212757:0]   |                4222..inf | zero-copy          | 52% on rc_mlx5/mlx5_0:1 and 48% on cma/memory |
[1791529147.838712] [s8:1212757:0]   +--------------------------+--------------------+-----------------------------------------------+
[1791529147.839149] [s8:1212757:0]   +--------------------------+----------------------------------------------------+
[1791529147.839150] [s8:1212757:0]   | ucp_context_0 self cfg#1 | active message by ucp_am_send* from host memory    |
[1791529147.839150] [s8:1212757:0]   +--------------------------+---------------------------------+------------------+
[1791529147.839151] [s8:1212757:0]   |                  0..2038 | short                           | rc_mlx5/mlx5_0:1 |
[1791529147.839151] [s8:1212757:0]   |               2039..8184 | zero-copy                       | rc_mlx5/mlx5_0:1 |
[1791529147.839151] [s8:1212757:0]   |                8185..inf | multi-frag zero-copy            | rc_mlx5/mlx5_0:1 |
[1791529147.839152] [s8:1212757:0]   +--------------------------+---------------------------------+------------------+
[1791529147.839245] [s8:1212757:0]   +--------------------------+---------------------------------------------------------------------+
[1791529147.839246] [s8:1212757:0]   | ucp_context_0 self cfg#1 | active message by ucp_am_send*(fast-completion) from host memory    |
[1791529147.839246] [s8:1212757:0]   +--------------------------+--------------------------------------------------+------------------+
[1791529147.839246] [s8:1212757:0]   |                  0..2038 | short                                            | rc_mlx5/mlx5_0:1 |
[1791529147.839247] [s8:1212757:0]   |               2039..8184 | copy-in                                          | rc_mlx5/mlx5_0:1 |
[1791529147.839247] [s8:1212757:0]   |              8185..18302 | multi-frag copy-in                               | rc_mlx5/mlx5_0:1 |
[1791529147.839247] [s8:1212757:0]   |               18303..inf | multi-frag zero-copy                             | rc_mlx5/mlx5_0:1 |
[1791529147.839248] [s8:1212757:0]   +--------------------------+--------------------------------------------------+------------------+
[1791529147.839468] [s8:1212757:0]   +--------------------------+-----------------------------------------------------------+
[1791529147.839469] [s8:1212757:0]   | ucp_context_0 self cfg#1 | active message by ucp_am_send*(multi) from host memory    |
[1791529147.839469] [s8:1212757:0]   +--------------------------+----------------------------------------+-2026-10-09 15:59:07 NIXL INFO    _api.py:363 Backend UCX was instantiated
2026-10-09 15:59:07 NIXL INFO    _api.py:253 Initialized NIXL agent: initiator
-----------------+
[1791529147.839477] [s8:1212757:0]   |                   0..514 | short                                  | rc_mlx5/mlx5_0:1 |
[1791529147.839478] [s8:1212757:0]   |                515..8184 | zero-copy                              | rc_mlx5/mlx5_0:1 |
[1791529147.839478] [s8:1212757:0]   |                8185..inf | multi-frag zero-copy                   | rc_mlx5/mlx5_0:1 |
[1791529147.839478] [s8:1212757:0]   +--------------------------+----------------------------------------+------------------+
[1791529147.839564] [s8:1212757:0]   +--------------------------+--------------------------------------------------------------------+
[1791529147.839564] [s8:1212757:0]   | ucp_context_0 self cfg#1 | active message by ucp_am_send* with reply flag from host memory    |
[1791529147.839564] [s8:1212757:0]   +--------------------------+-------------------------------------------------+------------------+
[1791529147.839565] [s8:1212757:0]   |                  0..2030 | short                                           | rc_mlx5/mlx5_0:1 |
[1791529147.839565] [s8:1212757:0]   |               2031..8176 | zero-copy                                       | rc_mlx5/mlx5_0:1 |
[1791529147.839566] [s8:1212757:0]   |                8177..inf | multi-frag zero-copy                            | rc_mlx5/mlx5_0:1 |
[1791529147.839566] [s8:1212757:0]   +--------------------------+-------------------------------------------------+------------------+
[1791529147.839655] [s8:1212757:0]   +--------------------------+-------------------------------------------------------------------------------------+
[1791529147.839655] [s8:1212757:0]   | ucp_context_0 self cfg#1 | active message by ucp_am_send* with reply flag(fast-completion) from host memory    |
[1791529147.839655] [s8:1212757:0]   +--------------------------+------------------------------------------------------------------+------------------+
[1791529147.839656] [s8:1212757:0]   |                  0..2030 | short                                                            | rc_mlx5/mlx5_0:1 |
[1791529147.839656] [s8:1212757:0]   |               2031..8176 | copy-in                                                          | rc_mlx5/mlx5_0:1 |
[1791529147.839657] [s8:1212757:0]   |              8177..18302 | multi-frag copy-in                                               | rc_mlx5/mlx5_0:1 |
[1791529147.839657] [s8:1212757:0]   |               18303..inf | multi-frag zero-copy                                             | rc_mlx5/mlx5_0:1 |
[1791529147.839657] [s8:1212757:0]   +--------------------------+------------------------------------------------------------------+------------------+
[1791529147.839756] [s8:1212757:0]   +--------------------------+---------------------------------------------------------------------------+
[1791529147.839756] [s8:1212757:0]   | ucp_context_0 self cfg#1 | active message by ucp_am_send* with reply flag(multi) from host memory    |
[1791529147.839757] [s8:1212757:0]   +--------------------------+--------------------------------------------------------+------------------+
[1791529147.839757] [s8:1212757:0]   |                   0..514 | short                                                  | rc_mlx5/mlx5_0:1 |
[1791529147.839757] [s8:1212757:0]   |                515..8176 | zero-copy                                              | rc_mlx5/mlx5_0:1 |
[1791529147.839758] [s8:1212757:0]   |                8177..inf | multi-frag zero-copy                                   | rc_mlx5/mlx5_0:1 |
[1791529147.839758] [s8:1212757:0]   +--------------------------+--------------------------------------------------------+------------------+
[1791529147.846187] [s8:1212757:0]   +--------------------------------+-------------------------------------------------------------+
[1791529147.846189] [s8:1212757:0]   | ucp_context_0 inter-node cfg#2 | remote memory write by ucp_put* from host memory to host    |
[1791529147.846189] [s8:1212757:0]   +--------------------------------+------------------------------------------+------------------+
[1791529147.846190] [s8:1212757:0]   |                          0..2K | short                                    | rc_mlx5/mlx5_0:1 |
[1791529147.846198] [s8:1212757:0]   |                      2049..inf | zero-copy                                | rc_mlx5/mlx5_0:1 |
[1791529147.846198] [s8:1212757:0]   +--------------------------------+------------------------------------------+------------------+
[1791529147.846256] [s8:1212757:0]   +--------------------------------+------------------------------------------------------------------------------+
[1791529147.846256] [s8:1212757:0]   | ucp_context_0 inter-node cfg#2 | remote memory write by ucp_put*(fast-completion) from host memory to host    |
[1791529147.846257] [s8:1212757:0]   +--------------------------------+-----------------------------------------------------------+------------------+
[1791529147.846257] [s8:1212757:0]   |                          0..2K | short                                                     | rc_mlx5/mlx5_0:1 |
[1791529147.846258] [s8:1212757:0]   |                    2049..18330 | copy-in                                                   | rc_mlx5/mlx5_0:1 |
[1791529147.846258] [s8:1212757:0]   |                     18331..inf | zero-copy                                                 | rc_mlx5/mlx5_0:1 |
[1791529147.846258] [s8:1212757:0]   +--------------------------------+-----------------------------------------------------------+------------------+
[1791529147.846315] [s8:1212757:0]   +--------------------------------+--------------------------------------------------------------------+
[1791529147.846316] [s8:1212757:0]   | ucp_context_0 inter-node cfg#2 | remote memory write by ucp_put*(multi) from host memory to host    |
[1791529147.846316] [s8:1212757:0]   +--------------------------------+-------------------------------------------------+------------------+
[1791529147.846317] [s8:1212757:0]   |                         0..587 | short                                           | rc_mlx5/mlx5_0:1 |
[1791529147.846317] [s8:1212757:0]   |                       588..inf | zero-copy                                       | rc_mlx5/mlx5_0:1 |
[1791529147.846317] [s8:1212757:0]   +--------------------------------+-------------------------------------------------+------------------+
[1791529147.846511] [s8:1212757:0]   +--------------------------------+----------------------------------------------------+
[1791529147.846512] [s8:1212757:0]   | ucp_context_0 inter-node cfg#2 | active message by ucp_am_send* from host memory    |
[1791529147.846513] [s8:1212757:0]   +--------------------------------+---------------------------------+------------------+
[1791529147.846513] [s8:1212757:0]   |                        0..2038 | short                           | rc_mlx5/mlx5_0:1 |
[1791529147.846514] [s8:1212757:0]   |                     2039..8184 | zero-copy                       | rc_mlx5/mlx5_0:1 |
[1791529147.846514] [s8:1212757:0]   |                      8185..inf | multi-frag zero-copy            | rc_mlx5/mlx5_0:1 |
[1791529147.846514] [s8:1212757:0]   +--------------------------------+---------------------------------+------------------+
[1791529147.846614] [s8:1212757:0]   +--------------------------------+---------------------------------------------------------------------+
[1791529147.846614] [s8:1212757:0]   | ucp_context_0 inter-node cfg#2 | active message by ucp_am_send*(fast-completion) from host memory    |
[1791529147.846615] [s8:1212757:0]   +--------------------------------+--------------------------------------------------+------------------+
[1791529147.846615] [s8:1212757:0]   |                        0..2038 | short                                            | rc_mlx5/mlx5_0:1 |
[1791529147.846615] [s8:1212757:0]   |                     2039..8184 | copy-in                                          | rc_mlx5/mlx5_0:1 |
[1791529147.846616] [s8:1212757:0]   |                    8185..18302 | multi-frag copy-in                               | rc_mlx5/mlx5_0:1 |
[1791529147.846616] [s8:1212757:0]   |                     18303..inf | multi-frag zero-copy                             | rc_mlx5/mlx5_0:1 |
[1791529147.846624] [s8:1212757:0]   +--------------------------------+--------------------------------------------------+------------------+
[1791529147.846859] [s8:1212757:0]   +--------------------------------+-----------------------------------------------------------+
[1791529147.846860] [s8:1212757:0]   | ucp_context_0 inter-node cfg#2 | active message by ucp_am_send*(multi) from host memory    |
[1791529147.846860] [s8:1212757:0]   +--------------------------------+----------------------------------------+------------------+
[1791529147.846860] [s8:1212757:0]   |                         0..514 | short                                  | rc_mlx5/mlx5_0:1 |
[1791529147.846861] [s8:1212757:0]   |                      515..8184 | zero-copy                              | rc_mlx5/mlx5_0:1 |
[1791529147.846861] [s8:1212757:0]   |                      8185..inf | multi-frag zero-copy                   | rc_mlx5/mlx5_0:1 |
[1791529147.846861] [s8:1212757:0]   +--------------------------------+----------------------------------------+------------------+
[1791529147.846953] [s8:1212757:0]   +--------------------------------+--------------------------------------------------------------------+
[1791529147.846953] [s8:1212757:0]   | ucp_context_0 inter-node cfg#2 | active message by ucp_am_send* with reply flag from host memory    |
[1791529147.846954] [s8:1212757:0]   +--------------------------------+-------------------------------------------------+------------------+
[1791529147.846954] [s8:1212757:0]   |                        0..2030 | short                                           | rc_mlx5/mlx5_0:1 |
[1791529147.846955] [s8:1212757:0]   |                     2031..8176 | zero-copy                                       | rc_mlx5/mlx5_0:1 |
[1791529147.846955] [s8:1212757:0]   |                      8177..inf | multi-frag zero-copy                            | rc_mlx5/mlx5_0:1 |
[1791529147.846955] [s8:1212757:0]   +--------------------------------+-------------------------------------------------+------------------+
[1791529147.847050] [s8:1212757:0]   +--------------------------------+-------------------------------------------------------------------------------------+
[1791529147.847051] [s8:1212757:0]   | ucp_context_0 inter-node cfg#2 | active message by ucp_am_send* with reply flag(fast-completion) from host memory    |
[1791529147.847051] [s8:1212757:0]   +--------------------------------+------------------------------------------------------------------+------------------+
[1791529147.847051] [s8:1212757:0]   |                        0..2030 | short                                                            | rc_mlx5/mlx5_0:1 |
[1791529147.847052] [s8:1212757:0]   |                     2031..8176 | copy-in                                                          | rc_mlx5/mlx5_0:1 |
[1791529147.847052] [s8:1212757:0]   |                    8177..18302 | multi-frag copy-in                                               | rc_mlx5/mlx5_0:1 |
[1791529147.847052] [s8:1212757:0]   |                     18303..inf | multi-frag zero-copy                                             | rc_mlx5/mlx5_0:1 |
[1791529147.847053] [s8:1212757:0]   +--------------------------------+------------------------------------------------------------------+------------------+
[1791529147.847159] [s8:1212757:0]   +--------------------------------+---------------------------------------------------------------------------+
[1791529147.847160] [s8:1212757:0]   | ucp_context_0 inter-node cfg#2 | active message by ucp_am_send* with reply flag(multi) from host memory    |
[1791529147.847160] [s8:1212757:0]   +--------------------------------+--------------------------------------------------------+------------------+
[1791529147.847161] [s8:1212757:0]   |                         0..514 | short                                                  | rc_mlx5/mlx5_0:1 |
[1791529147.847161] [s8:1212757:0]   |                      515..8176 | zero-copy                                              | rc_mlx5/mlx5_0:1 |
[1791529147.847166] [s8:1212757:0]   |                      8177..inf | multi-frag zero-copy                                   | rc_mlx5/mlx5_0:1 |
[1791529147.847167] [s8:1212757:0]   +--------------------------------+--------------------------------------------------------+------------------+
[1791529147.948661] [s8:1212757:0]   +--------------------------------+--------------------------------------------------------------------+
[1791529147.948663] [s8:1212757:0]   | ucp_context_0 inter-node cfg#2 | remote memory write by ucp_put* from host memory to cuda/dev[0]    |
[1791529147.948664] [s8:1212757:0]   +--------------------------------+-------------------------------------------------+------------------+
[1791529147.948664] [s8:1212757:0]   |                          0..2K | short                                           | rc_mlx5/mlx5_0:1 |
[1791529147.948664] [s8:1212757:0]   |                      2049..inf | zero-copy                                       | rc_mlx5/mlx5_0:1 |
[1791529147.948665] [s8:1212757:0]   +--------------------------------+-------------------------------------------------+------------------+
[1791529147.948726] [s8:1212757:0]   +--------------------------------+-------------------------------------------------------------------------------------+
[1791529147.948727] [s8:1212757:0]   | ucp_context_0 inter-node cfg#2 | remote memory write by ucp_put*(fast-completion) from host memory to cuda/dev[0]    |
[1791529147.948727] [s8:1212757:0]   +--------------------------------+------------------------------------------------------------------+------------------+
[1791529147.948728] [s8:1212757:0]   |                          0..2K | short                                                            | rc_mlx5/mlx5_0:1 |
[1791529147.948728] [s8:1212757:0]   |                    2049..18330 | copy-in                                                          | rc_mlx5/mlx5_0:1 |
[1791529147.948728] [s8:1212757:0]   |                     18331..inf | zero-copy                                                        | rc_mlx5/mlx5_0:1 |
[1791529147.948729] [s8:1212757:0]   +--------------------------------+------------------------------------------------------------------+------------------+
[1791529147.948790] [s8:1212757:0]   +--------------------------------+---------------------------------------------------------------------------+
[1791529147.948790] [s8:1212757:0]   | ucp_context_0 inter-node cfg#2 | remote memory write by ucp_put*(multi) from host memory to cuda/dev[0]    |
[1791529147.948790] [s8:1212757:0]   +--------------------------------+--------------------------------------------------------+------------------+
[1791529147.948791] [s8:1212757:0]   |                         0..587 | short                                                  | rc_mlx5/mlx5_0:1 |
[1791529147.948791] [s8:1212757:0]   |                       588..inf | zero-copy                                              | rc_mlx5/mlx5_0:1 |
[1791529147.948792] [s8:1212757:0]   +--------------------------------+--------------------------------------------------------+------------------+
[1791529148.065506] [s8:1212757:0]   +--------------------------+--------------------------------------------------------------------+
[1791529148.065508] [s8:1212757:0]   | ucp_context_0 self cfg#1 | remote memory write by ucp_put* from host memory to cuda/dev[0]    |
[1791529148.065509] [s8:1212757:0]   +--------------------------+-------------------------------------------------+------------------+
[1791529148.065509] [s8:1212757:0]   |                    0..2K | short                                           | rc_mlx5/mlx5_0:1 |
[1791529148.065509] [s8:1212757:0]   |                2049..inf | zero-copy                                       | rc_mlx5/mlx5_0:1 |
[1791529148.065510] [s8:1212757:0]   +--------------------------+-------------------------------------------------+------------------+
[1791529148.065577] [s8:1212757:0]   +--------------------------+--------------------------------------------------------------     bytes     median_s    Gbit/s
   1048576     0.000159     52.79
   4194304     0.000591     56.77
  16777216     0.002337     57.44
  67108864     0.009313     57.65
-----------------------+
[1791529148.065598] [s8:1212757:0]   | ucp_context_0 self cfg#1 | remote memory write by ucp_put*(fast-completion) from host memory to cuda/dev[0]    |
[1791529148.065598] [s8:1212757:0]   +--------------------------+------------------------------------------------------------------+------------------+
[1791529148.065599] [s8:1212757:0]   |                    0..2K | short                                                            | rc_mlx5/mlx5_0:1 |
[1791529148.065599] [s8:1212757:0]   |                2049..inf | copy-in                                                          | rc_mlx5/mlx5_0:1 |
[1791529148.065599] [s8:1212757:0]   +--------------------------+------------------------------------------------------------------+------------------+
[1791529148.065670] [s8:1212757:0]   +--------------------------+---------------------------------------------------------------------------+
[1791529148.065671] [s8:1212757:0]   | ucp_context_0 self cfg#1 | remote memory write by ucp_put*(multi) from host memory to cuda/dev[0]    |
[1791529148.065671] [s8:1212757:0]   +--------------------------+--------------------------------------------------------+------------------+
[1791529148.065671] [s8:1212757:0]   |                    0..2K | short                                                  | rc_mlx5/mlx5_0:1 |
[1791529148.065672] [s8:1212757:0]   |                2049..inf | copy-in                                                | rc_mlx5/mlx5_0:1 |
[1791529148.065672] [s8:1212757:0]   +--------------------------+--------------------------------------------------------+------------------+
[1791529148.070051] [s8:1212757:0]   +--------------------------------+-------------------------------------------------------------------------+
[1791529148.070052] [s8:1212757:0]   | ucp_context_0 inter-node cfg#2 | remote memory write by ucp_put*(multi) from cuda/GPU0 to cuda/dev[0]    |
[1791529148.070053] [s8:1212757:0]   +--------------------------------+------------------------------------------------------+------------------+
[1791529148.070053] [s8:1212757:0]   |                              0 | short                                                | rc_mlx5/mlx5_0:1 |
[1791529148.070053] [s8:1212757:0]   |                         1..inf | zero-copy                                            | rc_mlx5/mlx5_0:1 |
[1791529148.070054] [s8:1212757:0]   +--------------------------------+------------------------------------------------------+------------------+
[1791529148.070550] [s8:1212757:0]   +--------------------------------+---------------------------------------------------------+
[1791529148.070551] [s8:1212757:0]   | ucp_context_0 inter-node cfg#2 | active message by ucp_am_send*(egr) from host memory    |
[1791529148.070551] [s8:1212757:0]   +--------------------------------+--------------------------------------+------------------+
[1791529148.070551] [s8:1212757:0]   |                        0..2038 | short                                | rc_mlx5/mlx5_0:1 |
[1791529148.070552] [s8:1212757:0]   |                     2039..8184 | zero-copy                            | rc_mlx5/mlx5_0:1 |
[1791529148.070552] [s8:1212757:0]   |                      8185..inf | multi-frag zero-copy                 | rc_mlx5/mlx5_0:1 |
[1791529148.070552] [s8:1212757:0]   +--------------------------------+--------------------------------------+------------------+
initiator exit=0
