[1791529475.463460] [s8:1213236:0]   +--------------------------+-------------------------------------------------------------+
[1791529475.463468] [s8:1213236:0]   | ucp_context_0 self cfg#0 | remote memory write by ucp_put* from host memory to host    |
[1791529475.463468] [s8:1213236:0]   +--------------------------+--------------------------------------------+----------------+
[1791529475.463469] [s8:1213236:0]   |            0..4294967295 | short                                      | cuda_copy/cuda |
[1791529475.463469] [s8:1213236:0]   +--------------------------+--------------------------------------------+----------------+
[1791529475.463492] [s8:1213236:0]   +--------------------------+------------------------------------------------------------------------------+
[1791529475.463493] [s8:1213236:0]   | ucp_context_0 self cfg#0 | remote memory write by ucp_put*(fast-completion) from host memory to host    |
[1791529475.463493] [s8:1213236:0]   +--------------------------+-------------------------------------------------------------+----------------+
[1791529475.463493] [s8:1213236:0]   |            0..4294967295 | short                                                       | cuda_copy/cuda |
[1791529475.463494] [s8:1213236:0]   +--------------------------+-------------------------------------------------------------+----------------+
[1791529475.463513] [s8:1213236:0]   +--------------------------+--------------------------------------------------------------------+
[1791529475.463514] [s8:1213236:0]   | ucp_context_0 self cfg#0 | remote memory write by ucp_put*(multi) from host memory to host    |
[1791529475.463514] [s8:1213236:0]   +--------------------------+---------------------------------------------------+----------------+
[1791529475.463514] [s8:1213236:0]   |            0..4294967295 | short                                             | cuda_copy/cuda |
[1791529475.463515] [s8:1213236:0]   +--------------------------+---------------------------------------------------+----------------+
[1791529475.463550] [s8:1213236:0]   +--------------------------+----------------------------------------------------+
[1791529475.463551] [s8:1213236:0]   | ucp_context_0 self cfg#0 | active message by ucp_am_send* from host memory    |
[1791529475.463551] [s8:1213236:0]   +--------------------------+-------------------------------------------------+--+
[1791529475.463551] [s8:1213236:0]   +--------------------------+-------------------------------------------------+--+
[1791529475.463561] [s8:1213236:0]   +--------------------------+--------------------------------------------------------------------+
[1791529475.463562] [s8:1213236:0]   | ucp_context_0 self cfg#0 | active message by ucp_am_send* with reply flag from host memory    |
[1791529475.463562] [s8:1213236:0]   +--------------------------+-----------------------------------------------------------------+--+
[1791529475.463563] [s8:1213236:0]   +--------------------------+-----------------------------------------------------------------+--+
[1791529475.467504] [s8:1213236:0]   +--------------------------+-------------------------------------------------------------+
[1791529475.467507] [s8:1213236:0]   | ucp_context_0 self cfg#1 | remote memory write by ucp_put* from host memory to host    |
[1791529475.467507] [s8:1213236:0]   +--------------------------+-------------+-----------------------------------------------+
[1791529475.467508] [s8:1213236:0]   |                    0..2K | short       | rc_mlx5/mlx5_0:1                              |
[1791529475.467508] [s8:1213236:0]   |               2049..3276 | copy-in     | rc_mlx5/mlx5_0:1                              |
[1791529475.467508] [s8:1213236:0]   |                3277..inf | zero-copy   | 52% on rc_mlx5/mlx5_0:1 and 48% on cma/memory |
[1791529475.467509] [s8:1213236:0]   +--------------------------+-------------+-----------------------------------------------+
[1791529475.467602] [s8:1213236:0]   +--------------------------+------------------------------------------------------------------------------+
[1791529475.467643] [s8:1213236:0]   | ucp_context_0 self cfg#1 | remote memory write by ucp_put*(fast-completion) from host memory to host    |
[1791529475.467643] [s8:1213236:0]   +--------------------------+------------------------------+-----------------------------------------------+
[1791529475.467644] [s8:1213236:0]   |                    0..2K | short                        | rc_mlx5/mlx5_0:1                              |
[1791529475.467644] [s8:1213236:0]   |              2049..16351 | copy-in                      | rc_mlx5/mlx5_0:1                              |
[1791529475.467645] [s8:1213236:0]   |               16352..inf | zero-copy                    | 52% on rc_mlx5/mlx5_0:1 and 48% on cma/memory |
[1791529475.467645] [s8:1213236:0]   +--------------------------+------------------------------+-----------------------------------------------+
[1791529475.467706] [s8:1213236:0]   +--------------------------+--------------------------------------------------------------------+
[1791529475.467707] [s8:1213236:0]   | ucp_context_0 self cfg#1 | remote memory write by ucp_put*(multi) from host memory to host    |
[1791529475.467707] [s8:1213236:0]   +--------------------------+--------------------+-----------------------------------------------+
[1791529475.467707] [s8:1213236:0]   |                    0..2K | short              | rc_mlx5/mlx5_0:1                              |
[1791529475.467708] [s8:1213236:0]   |               2049..4221 | copy-in            | rc_mlx5/mlx5_0:1                              |
[1791529475.467708] [s8:1213236:0]   |                4222..inf | zero-copy          | 52% on rc_mlx5/mlx5_0:1 and 48% on cma/memory |
[1791529475.467708] [s8:1213236:0]   +--------------------------+--------------------+-----------------------------------------------+
[1791529475.467930] [s8:1213236:0]   +--------------------------+----------------------------------------------------+
[1791529475.467931] [s8:1213236:0]   | ucp_context_0 self cfg#1 | active message by ucp_am_send* from host memory    |
[1791529475.467931] [s8:1213236:0]   +--------------------------+---------------------------------+------------------+
[1791529475.467931] [s8:1213236:0]   |                  0..2038 | short                           | rc_mlx5/mlx5_0:1 |
[1791529475.467932] [s8:1213236:0]   |               2039..8184 | zero-copy                       | rc_mlx5/mlx5_0:1 |
[1791529475.467932] [s8:1213236:0]   |                8185..inf | multi-frag zero-copy            | rc_mlx5/mlx5_0:1 |
[1791529475.467932] [s8:1213236:0]   +--------------------------+---------------------------------+------------------+
[1791529475.468022] [s8:1213236:0]   +--------------------------+---------------------------------------------------------------------+
[1791529475.468022] [s8:1213236:0]   | ucp_context_0 self cfg#1 | active message by ucp_am_send*(fast-completion) from host memory    |
[1791529475.468023] [s8:1213236:0]   +--------------------------+--------------------------------------------------+------------------+
[1791529475.468023] [s8:1213236:0]   |                  0..2038 | short                                            | rc_mlx5/mlx5_0:1 |
[1791529475.468023] [s8:1213236:0]   |               2039..8184 | copy-in                                          | rc_mlx5/mlx5_0:1 |
[1791529475.468024] [s8:1213236:0]   |              8185..18302 | multi-frag copy-in                               | rc_mlx5/mlx5_0:1 |
[1791529475.468024] [s8:1213236:0]   |               18303..inf | multi-frag zero-copy                             | rc_mlx5/mlx5_0:1 |
[1791529475.468024] [s8:1213236:0]   +--------------------------+--------------------------------------------------+------------------+
[1791529475.468244] [s8:1213236:0]   +--------------------------+-----------------------------------------------------------+
[1791529475.468245] [s8:1213236:0]   | ucp_context_0 self cfg#1 | active message by ucp_am_send*(multi) from host memory    |
[1791529475.468245] [s8:1213236:0]   +--------------------------+----------------------------------------+-2026-10-09 16:04:35 NIXL INFO    _api.py:363 Backend UCX was instantiated
2026-10-09 16:04:35 NIXL INFO    _api.py:253 Initialized NIXL agent: initiator
-----------------+
[1791529475.468253] [s8:1213236:0]   |                   0..514 | short                                  | rc_mlx5/mlx5_0:1 |
[1791529475.468254] [s8:1213236:0]   |                515..8184 | zero-copy                              | rc_mlx5/mlx5_0:1 |
[1791529475.468254] [s8:1213236:0]   |                8185..inf | multi-frag zero-copy                   | rc_mlx5/mlx5_0:1 |
[1791529475.468254] [s8:1213236:0]   +--------------------------+----------------------------------------+------------------+
[1791529475.468341] [s8:1213236:0]   +--------------------------+--------------------------------------------------------------------+
[1791529475.468341] [s8:1213236:0]   | ucp_context_0 self cfg#1 | active message by ucp_am_send* with reply flag from host memory    |
[1791529475.468342] [s8:1213236:0]   +--------------------------+-------------------------------------------------+------------------+
[1791529475.468342] [s8:1213236:0]   |                  0..2030 | short                                           | rc_mlx5/mlx5_0:1 |
[1791529475.468342] [s8:1213236:0]   |               2031..8176 | zero-copy                                       | rc_mlx5/mlx5_0:1 |
[1791529475.468343] [s8:1213236:0]   |                8177..inf | multi-frag zero-copy                            | rc_mlx5/mlx5_0:1 |
[1791529475.468343] [s8:1213236:0]   +--------------------------+-------------------------------------------------+------------------+
[1791529475.468438] [s8:1213236:0]   +--------------------------+-------------------------------------------------------------------------------------+
[1791529475.468439] [s8:1213236:0]   | ucp_context_0 self cfg#1 | active message by ucp_am_send* with reply flag(fast-completion) from host memory    |
[1791529475.468439] [s8:1213236:0]   +--------------------------+------------------------------------------------------------------+------------------+
[1791529475.468440] [s8:1213236:0]   |                  0..2030 | short                                                            | rc_mlx5/mlx5_0:1 |
[1791529475.468440] [s8:1213236:0]   |               2031..8176 | copy-in                                                          | rc_mlx5/mlx5_0:1 |
[1791529475.468440] [s8:1213236:0]   |              8177..18302 | multi-frag copy-in                                               | rc_mlx5/mlx5_0:1 |
[1791529475.468441] [s8:1213236:0]   |               18303..inf | multi-frag zero-copy                                             | rc_mlx5/mlx5_0:1 |
[1791529475.468441] [s8:1213236:0]   +--------------------------+------------------------------------------------------------------+------------------+
[1791529475.468541] [s8:1213236:0]   +--------------------------+---------------------------------------------------------------------------+
[1791529475.468542] [s8:1213236:0]   | ucp_context_0 self cfg#1 | active message by ucp_am_send* with reply flag(multi) from host memory    |
[1791529475.468542] [s8:1213236:0]   +--------------------------+--------------------------------------------------------+------------------+
[1791529475.468543] [s8:1213236:0]   |                   0..514 | short                                                  | rc_mlx5/mlx5_0:1 |
[1791529475.468543] [s8:1213236:0]   |                515..8176 | zero-copy                                              | rc_mlx5/mlx5_0:1 |
[1791529475.468543] [s8:1213236:0]   |                8177..inf | multi-frag zero-copy                                   | rc_mlx5/mlx5_0:1 |
[1791529475.468544] [s8:1213236:0]   +--------------------------+--------------------------------------------------------+------------------+
[1791529475.472853] [s8:1213236:0]   +--------------------------------+-------------------------------------------------------------+
[1791529475.472855] [s8:1213236:0]   | ucp_context_0 inter-node cfg#2 | remote memory write by ucp_put* from host memory to host    |
[1791529475.472855] [s8:1213236:0]   +--------------------------------+------------------------------------------+------------------+
[1791529475.472856] [s8:1213236:0]   |                          0..2K | short                                    | rc_mlx5/mlx5_0:1 |
[1791529475.472863] [s8:1213236:0]   |                      2049..inf | zero-copy                                | rc_mlx5/mlx5_0:1 |
[1791529475.472863] [s8:1213236:0]   +--------------------------------+------------------------------------------+------------------+
[1791529475.472920] [s8:1213236:0]   +--------------------------------+------------------------------------------------------------------------------+
[1791529475.472921] [s8:1213236:0]   | ucp_context_0 inter-node cfg#2 | remote memory write by ucp_put*(fast-completion) from host memory to host    |
[1791529475.472921] [s8:1213236:0]   +--------------------------------+-----------------------------------------------------------+------------------+
[1791529475.472922] [s8:1213236:0]   |                          0..2K | short                                                     | rc_mlx5/mlx5_0:1 |
[1791529475.472922] [s8:1213236:0]   |                    2049..18330 | copy-in                                                   | rc_mlx5/mlx5_0:1 |
[1791529475.472922] [s8:1213236:0]   |                     18331..inf | zero-copy                                                 | rc_mlx5/mlx5_0:1 |
[1791529475.472923] [s8:1213236:0]   +--------------------------------+-----------------------------------------------------------+------------------+
[1791529475.472983] [s8:1213236:0]   +--------------------------------+--------------------------------------------------------------------+
[1791529475.472983] [s8:1213236:0]   | ucp_context_0 inter-node cfg#2 | remote memory write by ucp_put*(multi) from host memory to host    |
[1791529475.472984] [s8:1213236:0]   +--------------------------------+-------------------------------------------------+------------------+
[1791529475.472984] [s8:1213236:0]   |                         0..587 | short                                           | rc_mlx5/mlx5_0:1 |
[1791529475.472984] [s8:1213236:0]   |                       588..inf | zero-copy                                       | rc_mlx5/mlx5_0:1 |
[1791529475.472985] [s8:1213236:0]   +--------------------------------+-------------------------------------------------+------------------+
[1791529475.473162] [s8:1213236:0]   +--------------------------------+----------------------------------------------------+
[1791529475.473163] [s8:1213236:0]   | ucp_context_0 inter-node cfg#2 | active message by ucp_am_send* from host memory    |
[1791529475.473163] [s8:1213236:0]   +--------------------------------+---------------------------------+------------------+
[1791529475.473164] [s8:1213236:0]   |                        0..2038 | short                           | rc_mlx5/mlx5_0:1 |
[1791529475.473164] [s8:1213236:0]   |                     2039..8184 | zero-copy                       | rc_mlx5/mlx5_0:1 |
[1791529475.473164] [s8:1213236:0]   |                      8185..inf | multi-frag zero-copy            | rc_mlx5/mlx5_0:1 |
[1791529475.473165] [s8:1213236:0]   +--------------------------------+---------------------------------+------------------+
[1791529475.473261] [s8:1213236:0]   +--------------------------------+---------------------------------------------------------------------+
[1791529475.473262] [s8:1213236:0]   | ucp_context_0 inter-node cfg#2 | active message by ucp_am_send*(fast-completion) from host memory    |
[1791529475.473262] [s8:1213236:0]   +--------------------------------+--------------------------------------------------+------------------+
[1791529475.473262] [s8:1213236:0]   |                        0..2038 | short                                            | rc_mlx5/mlx5_0:1 |
[1791529475.473263] [s8:1213236:0]   |                     2039..8184 | copy-in                                          | rc_mlx5/mlx5_0:1 |
[1791529475.473263] [s8:1213236:0]   |                    8185..18302 | multi-frag copy-in                               | rc_mlx5/mlx5_0:1 |
[1791529475.473263] [s8:1213236:0]   |                     18303..inf | multi-frag zero-copy                             | rc_mlx5/mlx5_0:1 |
[1791529475.473268] [s8:1213236:0]   +--------------------------------+--------------------------------------------------+------------------+
[1791529475.473502] [s8:1213236:0]   +--------------------------------+-----------------------------------------------------------+
[1791529475.473502] [s8:1213236:0]   | ucp_context_0 inter-node cfg#2 | active message by ucp_am_send*(multi) from host memory    |
[1791529475.473503] [s8:1213236:0]   +--------------------------------+----------------------------------------+------------------+
[1791529475.473503] [s8:1213236:0]   |                         0..514 | short                                  | rc_mlx5/mlx5_0:1 |
[1791529475.473503] [s8:1213236:0]   |                      515..8184 | zero-copy                              | rc_mlx5/mlx5_0:1 |
[1791529475.473504] [s8:1213236:0]   |                      8185..inf | multi-frag zero-copy                   | rc_mlx5/mlx5_0:1 |
[1791529475.473504] [s8:1213236:0]   +--------------------------------+----------------------------------------+------------------+
[1791529475.473595] [s8:1213236:0]   +--------------------------------+--------------------------------------------------------------------+
[1791529475.473596] [s8:1213236:0]   | ucp_context_0 inter-node cfg#2 | active message by ucp_am_send* with reply flag from host memory    |
[1791529475.473596] [s8:1213236:0]   +--------------------------------+-------------------------------------------------+------------------+
[1791529475.473596] [s8:1213236:0]   |                        0..2030 | short                                           | rc_mlx5/mlx5_0:1 |
[1791529475.473597] [s8:1213236:0]   |                     2031..8176 | zero-copy                                       | rc_mlx5/mlx5_0:1 |
[1791529475.473597] [s8:1213236:0]   |                      8177..inf | multi-frag zero-copy                            | rc_mlx5/mlx5_0:1 |
[1791529475.473597] [s8:1213236:0]   +--------------------------------+-------------------------------------------------+------------------+
[1791529475.473687] [s8:1213236:0]   +--------------------------------+-------------------------------------------------------------------------------------+
[1791529475.473687] [s8:1213236:0]   | ucp_context_0 inter-node cfg#2 | active message by ucp_am_send* with reply flag(fast-completion) from host memory    |
[1791529475.473688] [s8:1213236:0]   +--------------------------------+------------------------------------------------------------------+------------------+
[1791529475.473688] [s8:1213236:0]   |                        0..2030 | short                                                            | rc_mlx5/mlx5_0:1 |
[1791529475.473688] [s8:1213236:0]   |                     2031..8176 | copy-in                                                          | rc_mlx5/mlx5_0:1 |
[1791529475.473689] [s8:1213236:0]   |                    8177..18302 | multi-frag copy-in                                               | rc_mlx5/mlx5_0:1 |
[1791529475.473689] [s8:1213236:0]   |                     18303..inf | multi-frag zero-copy                                             | rc_mlx5/mlx5_0:1 |
[1791529475.473689] [s8:1213236:0]   +--------------------------------+------------------------------------------------------------------+------------------+
[1791529475.473794] [s8:1213236:0]   +--------------------------------+---------------------------------------------------------------------------+
[1791529475.473795] [s8:1213236:0]   | ucp_context_0 inter-node cfg#2 | active message by ucp_am_send* with reply flag(multi) from host memory    |
[1791529475.473795] [s8:1213236:0]   +--------------------------------+--------------------------------------------------------+------------------+
[1791529475.473796] [s8:1213236:0]   |                         0..514 | short                                                  | rc_mlx5/mlx5_0:1 |
[1791529475.473796] [s8:1213236:0]   |                      515..8176 | zero-copy                                              | rc_mlx5/mlx5_0:1 |
[1791529475.473801] [s8:1213236:0]   |                      8177..inf | multi-frag zero-copy                                   | rc_mlx5/mlx5_0:1 |
[1791529475.473802] [s8:1213236:0]   +--------------------------------+--------------------------------------------------------+------------------+
[1791529475.580091] [s8:1213236:0]   +--------------------------------+--------------------------------------------------------------------+
[1791529475.580094] [s8:1213236:0]   | ucp_context_0 inter-node cfg#2 | remote memory write by ucp_put* from host memory to cuda/dev[0]    |
[1791529475.580094] [s8:1213236:0]   +--------------------------------+-------------------------------------------------+------------------+
[1791529475.580095] [s8:1213236:0]   |                          0..2K | short                                           | rc_mlx5/mlx5_0:1 |
[1791529475.580095] [s8:1213236:0]   |                      2049..inf | zero-copy                                       | rc_mlx5/mlx5_0:1 |
[1791529475.580095] [s8:1213236:0]   +--------------------------------+-------------------------------------------------+------------------+
[1791529475.580156] [s8:1213236:0]   +--------------------------------+-------------------------------------------------------------------------------------+
[1791529475.580157] [s8:1213236:0]   | ucp_context_0 inter-node cfg#2 | remote memory write by ucp_put*(fast-completion) from host memory to cuda/dev[0]    |
[1791529475.580157] [s8:1213236:0]   +--------------------------------+------------------------------------------------------------------+------------------+
[1791529475.580158] [s8:1213236:0]   |                          0..2K | short                                                            | rc_mlx5/mlx5_0:1 |
[1791529475.580158] [s8:1213236:0]   |                    2049..18330 | copy-in                                                          | rc_mlx5/mlx5_0:1 |
[1791529475.580158] [s8:1213236:0]   |                     18331..inf | zero-copy                                                        | rc_mlx5/mlx5_0:1 |
[1791529475.580159] [s8:1213236:0]   +--------------------------------+------------------------------------------------------------------+------------------+
[1791529475.580218] [s8:1213236:0]   +--------------------------------+---------------------------------------------------------------------------+
[1791529475.580218] [s8:1213236:0]   | ucp_context_0 inter-node cfg#2 | remote memory write by ucp_put*(multi) from host memory to cuda/dev[0]    |
[1791529475.580219] [s8:1213236:0]   +--------------------------------+--------------------------------------------------------+------------------+
[1791529475.580219] [s8:1213236:0]   |                         0..587 | short                                                  | rc_mlx5/mlx5_0:1 |
[1791529475.580219] [s8:1213236:0]   |                       588..inf | zero-copy                                              | rc_mlx5/mlx5_0:1 |
[1791529475.580220] [s8:1213236:0]   +--------------------------------+--------------------------------------------------------+------------------+
[1791529475.659057] [s8:1213236:0]   +--------------------------+--------------------------------------------------------------------+
[1791529475.659059] [s8:1213236:0]   | ucp_context_0 self cfg#1 | remote memory write by ucp_put* from host memory to cuda/dev[0]    |
[1791529475.659059] [s8:1213236:0]   +--------------------------+-------------------------------------------------+------------------+
[1791529475.659060] [s8:1213236:0]   |                    0..2K | short                                           | rc_mlx5/mlx5_0:1 |
[1791529475.659060] [s8:1213236:0]   |                2049..inf | zero-copy                                       | rc_mlx5/mlx5_0:1 |
[1791529475.659060] [s8:1213236:0]   +--------------------------+-------------------------------------------------+------------------+
[1791529475.659122] [s8:1213236:0]   +--------------------------+--------------------------------------------------------------     bytes     median_s    Gbit/s
   1048576     0.000159     52.67
   4194304     0.000596     56.33
  16777216     0.002349     57.14
  67108864     0.009364     57.33
-----------------------+
[1791529475.659151] [s8:1213236:0]   | ucp_context_0 self cfg#1 | remote memory write by ucp_put*(fast-completion) from host memory to cuda/dev[0]    |
[1791529475.659152] [s8:1213236:0]   +--------------------------+------------------------------------------------------------------+------------------+
[1791529475.659152] [s8:1213236:0]   |                    0..2K | short                                                            | rc_mlx5/mlx5_0:1 |
[1791529475.659153] [s8:1213236:0]   |                2049..inf | copy-in                                                          | rc_mlx5/mlx5_0:1 |
[1791529475.659153] [s8:1213236:0]   +--------------------------+------------------------------------------------------------------+------------------+
[1791529475.659223] [s8:1213236:0]   +--------------------------+---------------------------------------------------------------------------+
[1791529475.659224] [s8:1213236:0]   | ucp_context_0 self cfg#1 | remote memory write by ucp_put*(multi) from host memory to cuda/dev[0]    |
[1791529475.659224] [s8:1213236:0]   +--------------------------+--------------------------------------------------------+------------------+
[1791529475.659224] [s8:1213236:0]   |                    0..2K | short                                                  | rc_mlx5/mlx5_0:1 |
[1791529475.659225] [s8:1213236:0]   |                2049..inf | copy-in                                                | rc_mlx5/mlx5_0:1 |
[1791529475.659225] [s8:1213236:0]   +--------------------------+--------------------------------------------------------+------------------+
[1791529475.659533] [s8:1213236:0]   +--------------------------------+-------------------------------------------------------------------------+
[1791529475.659534] [s8:1213236:0]   | ucp_context_0 inter-node cfg#2 | remote memory write by ucp_put*(multi) from cuda/GPU0 to cuda/dev[0]    |
[1791529475.659534] [s8:1213236:0]   +--------------------------------+------------------------------------------------------+------------------+
[1791529475.659535] [s8:1213236:0]   |                              0 | short                                                | rc_mlx5/mlx5_0:1 |
[1791529475.659535] [s8:1213236:0]   |                         1..inf | zero-copy                                            | rc_mlx5/mlx5_0:1 |
[1791529475.659536] [s8:1213236:0]   +--------------------------------+------------------------------------------------------+------------------+
[1791529475.660020] [s8:1213236:0]   +--------------------------------+---------------------------------------------------------+
[1791529475.660020] [s8:1213236:0]   | ucp_context_0 inter-node cfg#2 | active message by ucp_am_send*(egr) from host memory    |
[1791529475.660021] [s8:1213236:0]   +--------------------------------+--------------------------------------+------------------+
[1791529475.660021] [s8:1213236:0]   |                        0..2038 | short                                | rc_mlx5/mlx5_0:1 |
[1791529475.660022] [s8:1213236:0]   |                     2039..8184 | zero-copy                            | rc_mlx5/mlx5_0:1 |
[1791529475.660022] [s8:1213236:0]   |                      8185..inf | multi-frag zero-copy                 | rc_mlx5/mlx5_0:1 |
[1791529475.660022] [s8:1213236:0]   +--------------------------------+--------------------------------------+------------------+
initiator exit=0
